Archive member included to satisfy reference by file (symbol)

./build/open_esplibs_libmain.a(ets_timer.o)
                              (--whole-archive)
./build/open_esplibs_libmain.a(misc.o)
                              (--whole-archive)
./build/open_esplibs_libmain.a(os_cpu_a.o)
                              (--whole-archive)
./build/open_esplibs_libmain.a(spi_flash.o)
                              (--whole-archive)
./build/open_esplibs_libmain.a(timers.o)
                              (--whole-archive)
./build/open_esplibs_libmain.a(uart.o)
                              (--whole-archive)
./build/open_esplibs_libmain.a(user_interface.o)
                              (--whole-archive)
./build/open_esplibs_libmain.a(xtensa_context.o)
                              (--whole-archive)
./build/open_esplibs_libnet80211.a(ieee80211_ets.o)
                              (--whole-archive)
./build/open_esplibs_libnet80211.a(ieee80211_hostap.o)
                              (--whole-archive)
./build/open_esplibs_libnet80211.a(ieee80211_input.o)
                              (--whole-archive)
./build/open_esplibs_libnet80211.a(ieee80211_sta.o)
                              (--whole-archive)
./build/open_esplibs_libnet80211.a(wl_cnx.o)
                              (--whole-archive)
./build/open_esplibs_libphy.a(phy.o)
                              (--whole-archive)
./build/open_esplibs_libphy.a(phy_chip_v6.o)
                              (--whole-archive)
./build/open_esplibs_libphy.a(phy_sleep.o)
                              (--whole-archive)
./build/open_esplibs_libpp.a(esf_buf.o)
                              (--whole-archive)
./build/open_esplibs_libpp.a(if_hwctrl.o)
                              (--whole-archive)
./build/open_esplibs_libpp.a(lmac.o)
                              (--whole-archive)
./build/open_esplibs_libpp.a(pm.o)
                              (--whole-archive)
./build/open_esplibs_libpp.a(pp.o)
                              (--whole-archive)
./build/open_esplibs_libpp.a(wdev.o)
                              (--whole-archive)
./build/open_esplibs_libwpa.a(os_xtensa.o)
                              (--whole-archive)
./build/open_esplibs_libwpa.a(wpa_main.o)
                              (--whole-archive)
./build/freertos.a(tasks.o)   ./build/open_esplibs_libmain.a(os_cpu_a.o) (pxCurrentTCB)
./build/freertos.a(timers.o)  ./build/freertos.a(tasks.o) (xTimerCreateTimerTask)
./build/freertos.a(port.o)    ./build/freertos.a(tasks.o) (vAssertCalled)
./build/freertos.a(list.o)    ./build/freertos.a(tasks.o) (vListInitialise)
./build/freertos.a(queue.o)   ./build/freertos.a(timers.o) (xQueueGenericCreate)
./build/lwip.a(esp_interface.o)
                              ./build/open_esplibs_libnet80211.a(ieee80211_input.o) (ethernetif_input)
./build/lwip.a(tcpip.o)       ./build/open_esplibs_libnet80211.a(ieee80211_hostap.o) (tcpip_input)
./build/lwip.a(def.o)         ./build/lwip.a(esp_interface.o) (lwip_htons)
./build/lwip.a(init.o)        ./build/lwip.a(tcpip.o) (lwip_init)
./build/lwip.a(mem.o)         ./build/lwip.a(init.o) (mem_init)
./build/lwip.a(memp.o)        ./build/lwip.a(init.o) (memp_init)
./build/lwip.a(netif.o)       ./build/lwip.a(init.o) (netif_init)
./build/lwip.a(pbuf.o)        ./build/open_esplibs_libnet80211.a(ieee80211_input.o) (pbuf_alloc_reference)
./build/lwip.a(tcp.o)         ./build/lwip.a(init.o) (tcp_init)
./build/lwip.a(tcp_in.o)      ./build/lwip.a(tcp.o) (tcp_input_pcb)
./build/lwip.a(tcp_out.o)     ./build/lwip.a(tcp.o) (tcp_enqueue_flags)
./build/lwip.a(timeouts.o)    ./build/lwip.a(tcp.o) (tcp_timer_needed)
./build/lwip.a(udp.o)         ./build/lwip.a(init.o) (udp_init)
./build/lwip.a(dhcp.o)        ./build/lwip.a(netif.o) (dhcp_network_changed)
./build/lwip.a(etharp.o)      ./build/lwip.a(netif.o) (etharp_cleanup_netif)
./build/lwip.a(icmp.o)        ./build/lwip.a(udp.o) (icmp_dest_unreach)
./build/lwip.a(igmp.o)        ./build/lwip.a(init.o) (igmp_init)
./build/lwip.a(ip4_addr.o)    ./build/lwip.a(tcp_in.o) (ip4_addr_isbroadcast_u32)
./build/lwip.a(ip4.o)         ./build/lwip.a(tcp.o) (ip4_route)
./build/lwip.a(ip4_frag.o)    ./build/lwip.a(timeouts.o) (ip_reass_tmr)
./build/lwip.a(ethernet.o)    ./build/lwip.a(etharp.o) (ethbroadcast)
./build/lwip.a(sys_arch.o)    ./build/lwip.a(tcpip.o) (sys_mutex_new)
./build/lwip.a(dns.o)         ./build/lwip.a(init.o) (dns_init)
./build/lwip.a(inet_chksum.o)
                              ./build/lwip.a(tcp_in.o) (ip_chksum_pseudo)
./build/lwip.a(ip.o)          ./build/lwip.a(tcp_in.o) (ip_data)
./build/core.a(app_main.o)    ./build/open_esplibs_libmain.a(user_interface.o) (sdk_user_init_flag)
./build/core.a(debug_dumps.o)
                              ./build/freertos.a(port.o) (abort)
./build/core.a(esp_hwrand.o)  ./build/lwip.a(tcp.o) (hwrand)
./build/core.a(esp_interrupts.o)
                              ./build/open_esplibs_libmain.a(ets_timer.o) (_xt_isr_attach)
[...]
Memory Configuration

Name             Origin             Length             Attributes
dport0_0_seg     0x3ff00000         0x00000010
dram0_0_seg      0x3ffe8000         0x00014000
iram1_0_seg      0x40100000         0x00008000
irom0_0_seg      0x40202010         0x000fdff0
*default*        0x00000000         0xffffffff

Linker script and memory map

LOAD ./build/open_esplibs_libmain.a
LOAD ./build/open_esplibs_libnet80211.a
LOAD ./build/open_esplibs_libphy.a
LOAD ./build/open_esplibs_libpp.a
LOAD ./build/open_esplibs_libwpa.a
START GROUP
LOAD ./build/program.a
LOAD ./build/freertos.a
LOAD ./build/lwip.a
LOAD ./build/core.a
LOAD ./build/open_esplibs.a
LOAD ./build/libgcc.a
LOAD ./build/libc.a
LOAD /home/bso/esp-open-sdk/xtensa-lx106-elf/xtensa-lx106-elf/sysroot/usr/lib/libhal.a
LOAD ./build/sdklib/libmain.a
LOAD ./build/sdklib/libnet80211.a
LOAD ./build/sdklib/libphy.a
LOAD ./build/sdklib/libpp.a
LOAD ./build/sdklib/libwpa.a
END GROUP
                0x401058a0                pvPortMalloc = malloc
                0x401058bc                vPortFree = free
                0x40100d7c                _lock_acquire = vPortEnterCritical
                0x40100d7c                _lock_acquire_recursive = vPortEnterCritical
                0x40100d7c                _lock_try_acquire = vPortEnterCritical
                0x40100d7c                _lock_try_acquire_recursive = vPortEnterCritical
                0x40100da4                _lock_release = vPortExitCritical
                0x40100da4                _lock_release_recursive = vPortExitCritical
                0x40105be0                ets_printf = printf
                [!provide]                PROVIDE (_memmap_vecbase_reset, 0x40000000)
                0x00000110                _memmap_cacheattr_wb_base = 0x110
                0x00000110                _memmap_cacheattr_wt_base = 0x110
                0x00000220                _memmap_cacheattr_bp_base = 0x220
                0xfffff00f                _memmap_cacheattr_unused_mask = 0xfffff00f
                0x2222211f                _memmap_cacheattr_wb_trapnull = 0x2222211f
                0x2222211f                _memmap_cacheattr_wba_trapnull = 0x2222211f
                0x2222211f                _memmap_cacheattr_wbna_trapnull = 0x2222211f
                0x2222211f                _memmap_cacheattr_wt_trapnull = 0x2222211f
                0x2222222f                _memmap_cacheattr_bp_trapnull = 0x2222222f
                0xfffff11f                _memmap_cacheattr_wb_strict = 0xfffff11f
                0xfffff11f                _memmap_cacheattr_wt_strict = 0xfffff11f
                0xfffff22f                _memmap_cacheattr_bp_strict = 0xfffff22f
                0x22222112                _memmap_cacheattr_wb_allvalid = 0x22222112
                0x22222112                _memmap_cacheattr_wt_allvalid = 0x22222112
                0x22222222                _memmap_cacheattr_bp_allvalid = 0x22222222
                [!provide]                PROVIDE (_memmap_cacheattr_reset, _memmap_cacheattr_wb_trapnull)

.dport0.rodata  0x3ff00000        0x0
                0x3ff00000                _dport0_rodata_start = ABSOLUTE (.)
 *(.dport0.rodata)
 *(.dport.rodata)
                0x3ff00000                _dport0_rodata_end = ABSOLUTE (.)

.dport0.literal
                0x3ff00000        0x0
                0x3ff00000                _dport0_literal_start = ABSOLUTE (.)
 *(.dport0.literal)
 *(.dport.literal)
                0x3ff00000                _dport0_literal_end = ABSOLUTE (.)

.dport0.data    0x3ff00000        0x0
                0x3ff00000                _dport0_data_start = ABSOLUTE (.)
 *(.dport0.data)
 *(.dport.data)
                0x3ff00000                _dport0_data_end = ABSOLUTE (.)

.text           0x40100000     0x6a72
                0x40100000                _stext = .
                0x40100000                _text_start = ABSOLUTE (.)
                0x40100000                . = ALIGN (0x10)
 *(.vecbase.text)
 .vecbase.text  0x40100000      0x3b2 ./build/core.a(exception_vectors.o)
                0x40100000                VecBase
                0x4010023c                call_user_start
                0x4010039e                _xt_user_exit
 *(.entry.text)
 *(.init.literal)
 *(.init)
 *(.iram1.*)
 *fill*         0x401003b2        0x2 
 .iram1.text    0x401003b4       0x4b ./build/open_esplibs_libmain.a(ets_timer.o)
                                 0x4f (size before relaxing)
 *fill*         0x401003ff        0x1 
 .iram1.text    0x40100400        0xb ./build/open_esplibs_libmain.a(misc.o)
                0x40100404                sdk_os_get_cpu_frequency
 *fill*         0x4010040b        0x1 
 .iram1.text    0x4010040c      0x129 ./build/open_esplibs_libmain.a(os_cpu_a.o)
                                0x175 (size before relaxing)
                0x4010040c                vPortYield
                0x40100444                sdk__xt_int_enter
                0x4010045c                sdk__xt_int_exit
                0x4010048c                sdk__xt_timer_int
                0x401004c8                sdk__xt_timer_int1
                0x401004dc                sdk__xt_tick_timer_init
                0x40100508                sdk__xt_isr_unmask
                0x40100518                sdk__xt_isr_mask
                0x40100528                sdk__xt_read_ints
                0x40100530                sdk__xt_clear_ints
 *fill*         0x40100535        0x3 
 .iram1.text    0x40100538      0x3a8 ./build/open_esplibs_libmain.a(spi_flash.o)
                                0x478 (size before relaxing)
                0x40100560                sdk_SPIReadModeCnfig
                0x401005e0                sdk_SPIWrite
                0x401006a0                sdk_SPIRead
                0x401006d0                sdk_SPIEraseSector
                0x40100730                sdk_spi_flash_get_id
                0x4010078c                sdk_spi_flash_read_status
                0x401007cc                sdk_spi_flash_write_status
                0x40100808                sdk_spi_flash_erase_sector
                0x4010083c                sdk_spi_flash_write
                0x4010088c                sdk_spi_flash_read
 .iram1.text    0x401008e0      0x1cd ./build/open_esplibs_libmain.a(user_interface.o)
                                0x1e8 (size before relaxing)
                0x401008e4                sdk_system_rtc_mem_write
                0x40100948                sdk_system_rtc_mem_read
                0x401009bc                sdk_system_restart_in_nmi
 *fill*         0x40100aad        0x3 
 .iram1.text    0x40100ab0      0x1c2 ./build/open_esplibs_libnet80211.a(ieee80211_hostap.o)
                                0x1d6 (size before relaxing)
 *fill*         0x40100c72        0x2 
 .iram1.text    0x40100c74       0x59 ./build/open_esplibs_libnet80211.a(ieee80211_input.o)
                0x40100c80                sdk_ieee80211_deliver_data
 *fill*         0x40100ccd        0x3 
 .iram1.text    0x40100cd0       0x5c ./build/open_esplibs_libwpa.a(os_xtensa.o)
                                 0x68 (size before relaxing)
                0x40100cd0                sdk_os_get_time
                0x40100cd4                sdk_os_random
                0x40100ce4                sdk_os_get_random
 .iram1.text    0x40100d2c       0xdb ./build/freertos.a(port.o)
                                0x103 (size before relaxing)
                0x40100d34                SV_ISR
                0x40100d7c                vPortEnterCritical
                0x40100da4                vPortExitCritical
                0x40100dd0                PendSV
 *fill*         0x40100e07        0x1 
 .iram1.text    0x40100e08      0x2e7 ./build/core.a(app_main.o)
                                0x32f (size before relaxing)
                0x40100e30                vApplicationStackOverflowHook
                0x40100e5c                vApplicationIdleHook
                0x40100e80                vApplicationTickHook
                0x40100ef4                sdk_user_start
 *fill*         0x401010ef        0x1 
 .iram1.text    0x401010f0       0xa0 ./build/core.a(debug_dumps.o)
                                 0xb8 (size before relaxing)
                0x40101150                debug_exception_handler
                0x40101150                fatal_exception_handler
                0x40101170                abort
 .iram1.text    0x40101190        0xe ./build/core.a(esp_hwrand.o)
                                 0x12 (size before relaxing)
                0x40101190                hwrand
 *fill*         0x4010119e        0x2 
 .iram1.text    0x401011a0       0xaa ./build/core.a(esp_interrupts.o)
                                 0xae (size before relaxing)
                0x401011a4                _xt_isr_attach
                0x401011b8                _xt_isr_handler
 *fill*         0x4010124a        0x2 
 .iram1.text    0x4010124c       0x1b ./build/core.a(sdk_compat.o)
                0x40101250                zalloc
 *fill*         0x40101267        0x1 
 .iram1.text    0x40101268       0x67 ./build/core.a(spiflash-cache-enable.o)
                                 0x7b (size before relaxing)
                0x40101278                Cache_Read_Enable
 *fill*         0x401012cf        0x1 
 .iram1.text    0x401012d0      0x36b ./build/core.a(spiflash.o)
                                0x41b (size before relaxing)
                0x401013f4                spiflash_write
                0x401014d0                spiflash_read
                0x401015c8                spiflash_erase_sector
 *fill*         0x4010163b        0x1 
 .iram1.text    0x4010163c       0x26 ./build/core.a(esp_iomux.o)
                0x40101640                gpio_to_iomux
                0x40101654                iomux_to_gpio
 *fill*         0x40101662        0x2 
 .iram1.text    0x40101664       0x34 ./build/core.a(newlib_syscalls.o)
                0x40101670                _sbrk_r
 *fill*         0x40101698        0x0 
 *fill*         0x40101698        0x0 
 *fill*         0x40101698        0x0 
 *fill*         0x40101698        0x0 
 .iram1.text    0x40101698       0x3d ./build/open_esplibs_libmain.a(xtensa_context.o)
                0x40101698                sdk__xt_context_save
                0x401016b4                sdk__xt_context_restore
 *fill*         0x401016d5        0x0 
 *fill*         0x401016d5        0x0 
 *fill*         0x401016d5        0x0 
 *fill*         0x401016d5        0x0 
 *fill*         0x401016d5        0x3 
 .iram1.data    0x401016d8        0x4 ./build/core.a(debug_dumps.o)
 *fill*         0x401016dc        0x0 
 *fill*         0x401016dc        0x0 
 *fill*         0x401016dc        0x0 
 *fill*         0x401016dc        0x0 
 *fill*         0x401016dc        0x0 
 *fill*         0x401016dc        0x0 
 .iram1.data    0x401016dc       0x80 ./build/core.a(esp_iomux.o)
 *sdklib*:*(.literal .text .literal.* .text.*)
 .text          0x4010175c        0xb ./build/sdklib/libnet80211.a(wl_chm.o)
                0x40101760                sdk_chm_get_current_channel
 *fill*         0x40101767        0x1 
 .text          0x40101768       0x4f ./build/sdklib/libphy.a(phy.o)
                                 0x53 (size before relaxing)
                0x40101770                sdk_register_phy_ops
                0x40101790                sdk_phy_change_channel
                0x401017ac                sdk_phy_get_mactime
 *fill*         0x401017b7        0x1 
 .text          0x401017b8       0xf7 ./build/sdklib/libphy.a(phy_sleep.o)
                                0x103 (size before relaxing)
                0x401017c8                sdk_pm_rtc_clock_cali
                0x40101884                sdk_clockgate_watchdog
 *fill*         0x401018af        0x1 
 .text          0x401018b0       0x94 ./build/sdklib/libpp.a(esf_buf.o)
                                 0xb4 (size before relaxing)
                0x401018b4                sdk_esf_rx_buf_alloc
 .text          0x40101944     0x14e0 ./build/sdklib/libpp.a(lmac.o)
                               0x187c (size before relaxing)
                0x40101948                sdk_lmacIsActive
                0x4010195c                sdk_lmacIsIdle
                0x40101da4                sdk_lmacSetAcParam
                0x40101e40                sdk_lmacProcessTXStartData
                0x40101fe8                sdk_lmacProcessTxSuccess
                0x40102130                sdk_GetAccess
                0x4010213c                sdk_lmacDiscardAgedMSDU
                0x40102150                sdk_lmacRecycleMPDU
                0x40102630                sdk_lmacProcessCollisions
                0x4010268c                sdk_lmacProcessCollision
                0x40102710                sdk_lmacMSDUAged
                0x40102a94                sdk_lmacProcessCtsTimeout
                0x40102adc                sdk_lmacProcessAckTimeout
                0x40102b30                sdk_lmacProcessRtsStart
                0x40102b3c                sdk_lmacProcessTxRtsError
                0x40102bd4                sdk_lmacProcessTxError
                0x40102c58                sdk_lmacTxFrame
                0x40102e0c                sdk_lmacRxDone
 .text          0x40102e24      0xe70 ./build/sdklib/libpp.a(pp.o)
                               0x103c (size before relaxing)
                0x40102e54                sdk_pp_soft_wdt_feed
                0x40102f68                sdk_ppProcessTxQ
                0x40103058                sdk_ppFetchTxQFirstAvail
                0x40103098                sdk_ppDequeueTxQ
                0x401030c0                sdk_ppRollBackTxQ
                0x401030e4                sdk_ppRecordBarRRC
                0x401030f4                sdk_ppTxqUpdateBitmap
                0x40103118                sdk_ppEnqueueTxDone
                0x4010314c                sdk_ppEnqueueRxq
                0x40103914                sdk_ppDiscardMPDU
                0x40103948                sdk_MacIsrSigPostDefHdl
                0x40103a3c                sdk_pp_post
                0x40103b40                sdk_ppCalTxop
                0x40103c24                sdk_ppCalFrameTimes
 .text          0x40103c94       0xf5 ./build/sdklib/libpp.a(rate_control.o)
                                0x109 (size before relaxing)
                0x40103cb4                sdk_RC_GetAckRate
                0x40103cc0                sdk_RC_GetRtsRate
                0x40103cd0                sdk_RC_GetAckTime
                0x40103ce4                sdk_RC_GetCtsTime
                0x40103d1c                sdk_RC_GetBlockAckTime
 *fill*         0x40103d89        0x3 
 .text          0x40103d8c      0x7f9 ./build/sdklib/libpp.a(trc.o)
                                0x81d (size before relaxing)
                0x40103f04                sdk_rcUpdateTxDone
                0x40103f98                sdk_rcUpdateRxDone
                0x40103ff4                sdk_rcUpdateDataRxDone
                0x4010400c                sdk_rcGetSched
                0x401040b4                sdk_rcGetRate
                0x401044b8                sdk_rcReachRetryLimit
                0x401044d0                sdk_trc_NeedRTS
 *fill*         0x40104585        0x3 
 .text          0x40104588     0x1163 ./build/sdklib/libpp.a(wdev.o)
                               0x1473 (size before relaxing)
                0x401048dc                sdk_wDev_MacTimSetFunc
                0x401048fc                sdk_wDev_MacTimArm
                0x401049a0                sdk_wDev_MacTim1Arm
                0x40104a7c                sdk_wDev_ProcessFiq
                0x40104e20                sdk_wDev_EnableTransmit
                0x40104e64                sdk_wDev_DisableTransmit
                0x40104e84                sdk_Tx_Copy2Queue
                0x40104ecc                sdk_wDev_ProcessCollision
                0x40104ef0                sdk_wDev_GetTxqCollisions
                0x40104f00                sdk_wDev_ClearTxqCollisions
                0x40104f18                sdk_wDev_SetWaitingQueue
                0x40104f64                sdk_wDev_ClearWaitingQueue
                0x40104f84                sdk_wDev_SetFrameAckType
                0x40104fe8                sdk_wDev_AppendRxBlocks
                0x40105190                sdk_wDev_AppendRxAmpduLensBlocks
                0x401052c8                sdk_wDev_GetBAInfo
 *fill*         0x401056eb        0x1 
 .text          0x401056ec       0x25 ./build/sdklib/libnet80211.a(ieee80211_hostap.o)
 *fill*         0x40105711        0x0 
 *fill*         0x40105711        0x0 
 *fill*         0x40105711        0x3 
 .text          0x40105714        0x2 ./build/sdklib/libphy.a(phy_chip_v6.o)
                0x40105714                sdk_ram_tx_mac_disable
 *fill*         0x40105716        0x0 
 *fill*         0x40105716        0x0 
 *fill*         0x40105716        0x0 
 *fill*         0x40105716        0x0 
 *fill*         0x40105716        0x2 
 .text          0x40105718       0x11 ./build/sdklib/libwpa.a(wpa_auth.o)
 *libgcc.a:*i3.o(.literal .text .literal.* .text.*)
 *fill*         0x40105729        0x3 
 .text          0x4010572c       0x49 ./build/libgcc.a(_modsi3.o)
                0x4010572c                __modsi3
 *fill*         0x40105775        0x3 
 .text          0x40105778       0x4c ./build/libgcc.a(_udivsi3.o)
                0x40105778                __udivsi3
 .text          0x401057c4       0x18 ./build/libgcc.a(_ashrdi3.o)
                0x401057c4                __ashrdi3
 *libc.a:*malloc.o(.literal .text .literal.* .text.*)
 .literal       0x401057dc        0x4 ./build/libc.a(lib_a-malloc.o)
                                 0x10 (size before relaxing)
 .literal       0x401057e0        0x8 ./build/libc.a(lib_a-nano-mallocr.o)
                                 0x20 (size before relaxing)
 .literal       0x401057e8        0x0 ./build/libc.a(lib_a-nano-freer.o)
                                  0xc (size before relaxing)
 .literal       0x401057e8       0x28 ./build/libc.a(lib_a-rand.o)
                                 0x58 (size before relaxing)
 .literal       0x40105810        0x4 ./build/libc.a(lib_a-mlock.o)
                                 0x10 (size before relaxing)
 .literal       0x40105814        0x0 ./build/libc.a(lib_a-printf.o)
                                 0x14 (size before relaxing)
 .literal       0x40105814        0x0 ./build/libc.a(lib_a-sprintf.o)
                                 0x14 (size before relaxing)
 .literal       0x40105814        0x0 ./build/libc.a(lib_a-fprintf.o)
                                  0xc (size before relaxing)
 .literal       0x40105814       0x24 ./build/libc.a(lib_a-nano-svfprintf.o)
                                 0x54 (size before relaxing)
 .literal       0x40105838       0x28 ./build/libc.a(lib_a-nano-vfprintf.o)
                                 0x60 (size before relaxing)
 .literal       0x40105860       0x38 ./build/libc.a(lib_a-findfp.o)
                                 0x80 (size before relaxing)
 .literal       0x40105898        0x8 ./build/libc.a(lib_a-fputwc.o)
                                 0x2c (size before relaxing)
 .text          0x401058a0       0x35 ./build/libc.a(lib_a-malloc.o)
                0x401058a0                malloc
                0x401058bc                free
 *libc.a:*mallocr.o(.literal .text .literal.* .text.*)
 *fill*         0x401058d5        0x3 
 .text          0x401058d8       0xed ./build/libc.a(lib_a-nano-mallocr.o)
                                 0xf1 (size before relaxing)
                0x401058d8                _malloc_r
 *fill*         0x401059c5        0x0 
 *libc.a:*freer.o(.literal .text .literal.* .text.*)
 *fill*         0x401059c5        0x3 
 .text          0x401059c8       0xb1 ./build/libc.a(lib_a-nano-freer.o)
                0x401059c8                _free_r
 *fill*         0x40105a79        0x0 
 *libc.a:*memcpy.o(.literal .text .literal.* .text.*)
 *libc.a:*memset.o(.literal .text .literal.* .text.*)
 *libc.a:*memcmp.o(.literal .text .literal.* .text.*)
 *libc.a:*memmove.o(.literal .text .literal.* .text.*)
 *libc.a:*rand.o(.literal .text .literal.* .text.*)
 *fill*         0x40105a79        0x3 
 .text          0x40105a7c       0xdd ./build/libc.a(lib_a-rand.o)
                                 0xe1 (size before relaxing)
                0x40105a7c                srand
                0x40105ae0                rand
 *fill*         0x40105b59        0x0 
 *libc.a:*bzero.o(.literal .text .literal.* .text.*)
 *libc.a:*lock.o(.literal .text .literal.* .text.*)
 *fill*         0x40105b59        0x3 
 .text          0x40105b5c       0x2d ./build/libc.a(lib_a-mlock.o)
                0x40105b5c                __malloc_lock
                0x40105b74                __malloc_unlock
 *fill*         0x40105b89        0x3 
 .text          0x40105b8c        0x8 ./build/libc.a(lock.o)
                0x40105b8c                _lock_close_recursive
                0x40105b8c                __dummy_lock
                0x40105b8c                _lock_init_recursive
                0x40105b8c                _lock_close
                0x40105b8c                _lock_init
                0x40105b90                __dummy_lock_try
 *libc.a:*printf.o(.literal .text .literal.* .text.*)
 .text          0x40105b94       0x99 ./build/libc.a(lib_a-printf.o)
                0x40105b94                _printf_r
                0x40105b94                _iprintf_r
                0x40105be0                printf
                0x40105be0                iprintf
 *fill*         0x40105c2d        0x3 
 .text          0x40105c30       0xb5 ./build/libc.a(lib_a-sprintf.o)
                                 0xb9 (size before relaxing)
                0x40105c30                _siprintf_r
                0x40105c30                _sprintf_r
                0x40105c88                sprintf
                0x40105c88                siprintf
 *fill*         0x40105ce5        0x3 
 .text          0x40105ce8       0x57 ./build/libc.a(lib_a-fprintf.o)
                                 0x5b (size before relaxing)
                0x40105ce8                _fprintf_r
                0x40105ce8                _fiprintf_r
                0x40105d0c                fprintf
                0x40105d0c                fiprintf
 *fill*         0x40105d3f        0x1 
 .text          0x40105d40      0x4b5 ./build/libc.a(lib_a-nano-svfprintf.o)
                0x40105d40                __ssputs_r
                0x40105e3c                __ssprint_r
                0x40105f70                _svfprintf_r
                0x40105f70                _svfiprintf_r
 *fill*         0x401061f5        0x3 
 .text          0x401061f8      0x447 ./build/libc.a(lib_a-nano-vfprintf.o)
                                0x44b (size before relaxing)
                0x40106230                __sfputs_r
                0x401062a0                __sprint_r
                0x40106330                _vfiprintf_r
                0x40106330                _vfprintf_r
                0x40106618                vfiprintf
                0x40106618                vfprintf
 *fill*         0x4010663f        0x0 
 *fill*         0x4010663f        0x0 
 *fill*         0x4010663f        0x0 
 *fill*         0x4010663f        0x0 
 *fill*         0x4010663f        0x0 
 *libc.a:*findfp.o(.literal .text .literal.* .text.*)
 *fill*         0x4010663f        0x1 
 .text          0x40106640      0x2c2 ./build/libc.a(lib_a-findfp.o)
                                0x2ce (size before relaxing)
                0x4010668c                _cleanup_r
                0x401066ec                __sfmoreglue
                0x40106734                _cleanup
                0x40106748                __sfp_lock_acquire
                0x40106760                __sfp_lock_release
                0x40106778                __sinit_lock_acquire
                0x40106790                __sinit_lock_release
                0x401067a8                __sinit
                0x40106818                __sfp
                0x401068c4                __fp_lock_all
                0x401068e4                __fp_unlock_all
 *fill*         0x40106902        0x0 
 *libc.a:*fputwc.o(.literal .text .literal.* .text.*)
 *fill*         0x40106902        0x2 
 .text          0x40106904      0x16e ./build/libc.a(lib_a-fputwc.o)
                                0x176 (size before relaxing)
                0x40106904                __fputwc
                0x401069ac                _fputwc_r
                0x40106a1c                fputwc
 *fill*         0x40106a72        0x0 
 *(.stub .gnu.warning .gnu.linkonce.literal.* .gnu.linkonce.t.*.literal .gnu.linkonce.t.*)
 *(.fini.literal)
 *(.fini)
 *(.gnu.version)
                0x40106a72                _text_end = ABSOLUTE (.)
                0x40106a72                _etext = .

.data           0x3ffe8000      0x964
                0x3ffe8000                _data_start = ABSOLUTE (.)
 *(.data)
 .data          0x3ffe8000        0x8 ./build/core.a(spiflash-cache-enable.o)
                0x3ffe8000                rboot_megabyte
 .data          0x3ffe8008       0xf4 ./build/libc.a(lib_a-impure.o)
                0x3ffe8008                _impure_ptr
 .data          0x3ffe80fc      0x16c ./build/libc.a(lib_a-locale.o)
                0x3ffe80fc                __global_locale
 .data          0x3ffe8268        0x1 ./build/sdklib/libmain.a(user_interface.o)
 *fill*         0x3ffe8269        0x3 
 .data          0x3ffe826c      0x1a8 ./build/sdklib/libnet80211.a(ieee80211_phy.o)
 *fill*         0x3ffe8414        0x4 
 .data          0x3ffe8418        0x6 ./build/sdklib/libnet80211.a(ieee80211_proto.o)
                0x3ffe8418                sdk_ieee80211_addr_bcast
 *fill*         0x3ffe841e        0x2 
 .data          0x3ffe8420       0x1c ./build/sdklib/libnet80211.a(ieee80211_action.o)
 *fill*         0x3ffe843c        0x4 
 .data          0x3ffe8440       0x53 ./build/sdklib/libphy.a(phy_chip_v6.o)
                0x3ffe8442                sdk_tx_rf_ana_gain
                0x3ffe8464                sdk_tx_pwctrl_atten_init_en
                0x3ffe8470                sdk_rx_gain_swp
                0x3ffe8490                sdk_test_rffreq_txcap
 *fill*         0x3ffe8493        0xd 
 .data          0x3ffe84a0       0x90 ./build/sdklib/libphy.a(phy_chip_v6_cal.o)
                0x3ffe84a0                sdk_dpd_index
                0x3ffe8500                sdk_dpd_db2linear
 .data          0x3ffe8530        0x4 ./build/sdklib/libphy.a(phy_sleep.o)
                0x3ffe8530                sdk_chip_version
 .data          0x3ffe8534      0x11c ./build/sdklib/libphy.a(phy_chip_v5_romfunc.o)
                0x3ffe8534                sdk_g_phyFuns
                0x3ffe8538                sdk_g_phyFuns_instance
 .data          0x3ffe8650        0x7 ./build/sdklib/libphy.a(phy_chip_v5_cal_romfunc.o)
 *fill*         0x3ffe8657        0x1 
 .data          0x3ffe8658        0x1 ./build/sdklib/libpp.a(pm.o)
 *fill*         0x3ffe8659        0x3 
 .data          0x3ffe865c       0x10 ./build/sdklib/libpp.a(pp.o)
                0x3ffe865c                sdk_NoiseTimerInterval
                0x3ffe8664                sdk_sleep_start_wait_time
 *fill*         0x3ffe866c        0x4 
 .data          0x3ffe8670       0x40 ./build/sdklib/libpp.a(rate_control.o)
 .data          0x3ffe86b0      0x22c ./build/sdklib/libpp.a(trc.o)
 *fill*         0x3ffe88dc        0x4 
 .data          0x3ffe88e0       0x10 ./build/sdklib/libpp.a(wdev.o)
 .data          0x3ffe88f0       0x18 ./build/sdklib/libnet80211.a(ieee80211_crypto_ccmp.o)
                0x3ffe88f0                sdk_ccmp
 .data          0x3ffe8908       0x18 ./build/sdklib/libnet80211.a(ieee80211_crypto_tkip.o)
                0x3ffe8908                sdk_tkip
 .data          0x3ffe8920       0x18 ./build/sdklib/libnet80211.a(ieee80211_crypto_wep.o)
                0x3ffe8920                sdk_wep
 *(.data.*)
 .data.cpu_freq
                0x3ffe8938        0x4 ./build/open_esplibs_libmain.a(misc.o)
 .data.sdk_flashchip
                0x3ffe893c       0x18 ./build/open_esplibs_libmain.a(spi_flash.o)
                0x3ffe893c                sdk_flashchip
 .data.sdk_dhcpc_flag
                0x3ffe8954        0x4 ./build/open_esplibs_libmain.a(user_interface.o)
                0x3ffe8954                sdk_dhcpc_flag
 .data.iss$5502
                0x3ffe8958        0x4 ./build/lwip.a(tcp.o)
 .data.tcp_port
                0x3ffe895c        0x2 ./build/lwip.a(tcp.o)
 .data.udp_port
                0x3ffe895e        0x2 ./build/lwip.a(udp.o)
 .data.current_stdout_write_r
                0x3ffe8960        0x4 ./build/core.a(newlib_syscalls.o)
 *(.gnu.linkonce.d.*)
 *(.data1)
 *(.sdata)
 *(.sdata.*)
 *(.gnu.linkonce.s.*)
 *(.sdata2)
 *(.sdata2.*)
 *(.gnu.linkonce.s2.*)
 *(.jcr)
                0x3ffe8964                _data_end = ABSOLUTE (.)

.rodata         0x3ffe8968      0x8c4
                0x3ffe8968                _rodata_start = ABSOLUTE (.)
 *core.a:*(.rodata.* .rodata)
 .rodata.str1.4
                0x3ffe8968      0x19f ./build/core.a(app_main.o)
 *fill*         0x3ffe8b07        0x1 
 .rodata.CSWTCH$30
                0x3ffe8b08       0x10 ./build/core.a(app_main.o)
 .rodata.CSWTCH$29
                0x3ffe8b18       0x40 ./build/core.a(app_main.o)
 .rodata.str1.4
                0x3ffe8b58      0x1cc ./build/core.a(debug_dumps.o)
 .rodata        0x3ffe8d24       0x1c ./build/core.a(exception_vectors.o)
 *libc.a:*.o(.rodata.* .rodata)
 .rodata        0x3ffe8d40       0x60 ./build/libc.a(lib_a-findfp.o)
                0x3ffe8d40                __sf_fake_stderr
                0x3ffe8d60                __sf_fake_stdout
                0x3ffe8d80                __sf_fake_stdin
 .rodata        0x3ffe8da0        0x4 ./build/libc.a(lib_a-impure.o)
                0x3ffe8da0                _global_impure_ptr
 .rodata.str1.1
                0x3ffe8da4       0x21 ./build/libc.a(lib_a-mstats.o)
 .rodata.str1.1
                0x3ffe8dc5       0x4b ./build/libc.a(lib_a-nano-mallstatsr.o)
 .rodata.str1.1
                0x3ffe8e10       0x12 ./build/libc.a(lib_a-nano-vfprintf_float.o)
 .rodata.str1.1
                0x3ffe8e22       0x22 ./build/libc.a(lib_a-nano-vfprintf_i.o)
 .rodata.str1.1
                0x3ffe8e44        0x5 ./build/libc.a(lib_a-nano-vfscanf_float.o)
 .rodata.str1.1
                0x3ffe8e49        0x5 ./build/libc.a(lib_a-puts.o)
                                  0x2 (size before relaxing)
 .rodata.str1.1
                0x3ffe8e49        0x5 ./build/libc.a(lib_a-strtod.o)
                                  0xc (size before relaxing)
 *fill*         0x3ffe8e49        0x7 
 .rodata        0x3ffe8e50       0x70 ./build/libc.a(lib_a-strtod.o)
 .rodata.str1.1
                0x3ffe8ec0        0xd ./build/libc.a(lib_a-dtoa.o)
                                  0xf (size before relaxing)
 .rodata.str1.1
                0x3ffe8ecd        0xa ./build/libc.a(lib_a-locale.o)
                                  0xb (size before relaxing)
 *fill*         0x3ffe8ed7        0x1 
 .rodata        0x3ffe8ed8      0x128 ./build/libc.a(lib_a-mprec.o)
                0x3ffe8ee8                __mprec_tinytens
                0x3ffe8f10                __mprec_bigtens
                0x3ffe8f38                __mprec_tens
 .rodata.str1.1
                0x3ffe9000       0x11 ./build/libc.a(lib_a-nano-svfprintf.o)
 .rodata.str1.1
                0x3ffe9011       0x11 ./build/libc.a(lib_a-nano-vfprintf.o)
 .rodata        0x3ffe9011      0x101 ./build/libc.a(lib_a-ctype_.o)
                0x3ffe9011                _ctype_
 *freertos.a:*(.rodata.* .rodata)
 *fill*         0x3ffe9112        0x2 
 .rodata.str1.4
                0x3ffe9114       0x47 ./build/freertos.a(tasks.o)
 *fill*         0x3ffe915b        0x1 
 .rodata.str1.4
                0x3ffe915c       0x39 ./build/freertos.a(timers.o)
 *fill*         0x3ffe9195        0x3 
 .rodata.str1.4
                0x3ffe9198       0x54 ./build/freertos.a(port.o)
 .rodata.str1.4
                0x3ffe91ec       0x30 ./build/freertos.a(queue.o)
 *libmain.a:spi_flash.o(.rodata.* .rodata)
 *libpp.a:wdev.o(.rodata.* .rodata)
 .rodata.str1.4
                0x3ffe921c       0x10 ./build/sdklib/libpp.a(wdev.o)
                                  0xf (size before relaxing)
                0x3ffe922c                _rodata_end = ABSOLUTE (.)

.bss            0x3ffe9230     0x82a0
                0x3ffe9230                . = ALIGN (0x8)
                0x3ffe9230                _bss_start = ABSOLUTE (.)
 *(.dynsbss)
 *(.sbss)
 *(.sbss.*)
 *(.gnu.linkonce.sb.*)
 *(.scommon)
 *(.sbss2)
 *(.sbss2.*)
 *(.gnu.linkonce.sb2.*)
 *(.dynbss)
 *(.bss)
 .bss           0x3ffe9230      0x228 ./build/core.a(exception_vectors.o)
                0x3ffe9444                debug_saved_ctx
 .bss           0x3ffe9458        0x8 ./build/libc.a(lib_a-findfp.o)
 .bss           0x3ffe9460       0x28 ./build/libc.a(lib_a-nano-mallinfor.o)
                0x3ffe9460                __malloc_current_mallinfo
 .bss           0x3ffe9488        0x8 ./build/libc.a(lib_a-nano-mallocr.o)
                0x3ffe9488                __malloc_sbrk_start
                0x3ffe948c                __malloc_free_list
 .bss           0x3ffe9490        0x4 ./build/libc.a(lib_a-mlock.o)
 *fill*         0x3ffe9494        0xc 
 .bss           0x3ffe94a0      0x131 ./build/sdklib/libmain.a(user_interface.o)
 *fill*         0x3ffe95d1        0x3 
 .bss           0x3ffe95d4      0x54c ./build/sdklib/libnet80211.a(ieee80211.o)
                0x3ffe95d4                sdk_g_ic
                0x3ffe9b1c                sdk_xieee80211Queue
 .bss           0x3ffe9b20       0x28 ./build/sdklib/libnet80211.a(ieee80211_hostap.o)
                0x3ffe9b40                sdk_TmpSTAAPCloseAP
                0x3ffe9b41                sdk_PendFreeBcnEb
 .bss           0x3ffe9b48       0xe4 ./build/sdklib/libnet80211.a(ieee80211_scan.o)
                0x3ffe9b48                sdk_gScanStruct
                0x3ffe9c0c                sdk_auth_type
                0x3ffe9c0e                sdk_scannum
 .bss           0x3ffe9c2c       0x44 ./build/sdklib/libnet80211.a(wl_chm.o)
 .bss           0x3ffe9c70      0x780 ./build/sdklib/libnet80211.a(wl_cnx.o)
                0x3ffea3d0                sdk_sta_con_timer
                0x3ffea3ec                sdk_g_cnx_probe_rc_list_cb
 .bss           0x3ffea3f0        0x4 ./build/sdklib/libphy.a(phy.o)
 *fill*         0x3ffea3f4        0xc 
 .bss           0x3ffea400      0x38b ./build/sdklib/libphy.a(phy_chip_v6.o)
                0x3ffea400                sdk_rxiq_compute_num
                0x3ffea404                sdk_rxdc_init_flag
                0x3ffea408                sdk_check_result
                0x3ffea40c                sdk_chip6_sleep_params
                0x3ffea5e4                sdk_chip6_phy_init_ctrl
                0x3ffea652                sdk_phy_freq_offset
                0x3ffea654                sdk_do_pwctrl_flag
                0x3ffea655                sdk_pwctrl_debug
                0x3ffea656                sdk_txbk_dpdby_flag
                0x3ffea658                sdk_sw_scan_mode
                0x3ffea66c                sdk_periodic_cal_dc_num
                0x3ffea670                sdk_periodic_cal_flag
                0x3ffea671                sdk_bbpll_cal_flag
                0x3ffea672                sdk_deep_sleep_en
                0x3ffea678                sdk_noise_array
                0x3ffea780                sdk_tx_pwctrl_atten_init
 *fill*         0x3ffea78b        0x1 
 .bss           0x3ffea78c        0x6 ./build/sdklib/libphy.a(phy_chip_v6_cal.o)
                0x3ffea78c                sdk_loop_pwctrl_pwdet_error_accum_high_power
                0x3ffea78e                sdk_tx_pwctrl_pk_num
                0x3ffea78f                sdk_loop_pwctrl_correct_atten_high_power
                0x3ffea790                sdk_tx_pwctrl_set_chan_flag
                0x3ffea791                sdk_rxiq_cover_fail_num
 *fill*         0x3ffea792        0x2 
 .bss           0x3ffea794        0x4 ./build/sdklib/libphy.a(phy_sleep.o)
                0x3ffea794                sdk_periodic_cal_sat
                0x3ffea795                sdk_software_slp_reject
                0x3ffea796                sdk_SDIO_slp_reject
                0x3ffea797                sdk_hardware_reject
 *fill*         0x3ffea798        0x8 
 .bss           0x3ffea7a0     0x11e8 ./build/sdklib/libpp.a(esf_buf.o)
 *fill*         0x3ffeb988        0x8 
 .bss           0x3ffeb990       0x30 ./build/sdklib/libpp.a(if_hwctrl.o)
                0x3ffeb990                sdk_interface_mask
                0x3ffeb9a0                sdk_if_ctrl
 .bss           0x3ffeb9c0      0x150 ./build/sdklib/libpp.a(lmac.o)
                0x3ffeb9c4                sdk_lmacConfMib
 .bss           0x3ffebb10      0x149 ./build/sdklib/libpp.a(pm.o)
 *fill*         0x3ffebc59        0x7 
 .bss           0x3ffebc60      0x352 ./build/sdklib/libpp.a(pp.o)
                0x3ffebc88                sdk_pend_flag_noise_check
                0x3ffebc90                sdk_pend_flag_periodic_cal
                0x3ffebcb4                sdk_dbg_stop_sw_wdt
                0x3ffebcb5                sdk_dbg_stop_hw_wdt
 *fill*         0x3ffebfb2        0xe 
 .bss           0x3ffebfc0      0x100 ./build/sdklib/libpp.a(rate_control.o)
 .bss           0x3ffec0c0      0x268 ./build/sdklib/libpp.a(trc.o)
 *fill*         0x3ffec328        0x8 
 .bss           0x3ffec330     0x4721 ./build/sdklib/libpp.a(wdev.o)
                0x3ffec330                sdk_wDevCtrl
                0x3ffec4d4                sdk_NMIIrqIsOn
                0x3ffec4d8                sdk_WdevTimOffSet
 *fill*         0x3fff0a51        0xf 
 .bss           0x3fff0a60      0x27a ./build/sdklib/libwpa.a(wpa.o)
 *fill*         0x3fff0cda        0x6 
 .bss           0x3fff0ce0       0xb0 ./build/sdklib/libwpa.a(aes-internal-dec.o)
 .bss           0x3fff0d90        0x8 ./build/sdklib/libnet80211.a(ieee80211_crypto_tkip.o)
 *(.bss.*)
 .bss.task_handle
                0x3fff0d98        0x4 ./build/open_esplibs_libmain.a(ets_timer.o)
 .bss.timer_list
                0x3fff0d9c        0x4 ./build/open_esplibs_libmain.a(ets_timer.o)
 .bss.armed_timer_count
                0x3fff0da0        0x1 ./build/open_esplibs_libmain.a(timers.o)
 *fill*         0x3fff0da1        0x3 
 .bss.timer_list
                0x3fff0da4        0x4 ./build/open_esplibs_libmain.a(timers.o)
 .bss.hostap_timer_parg
                0x3fff0da8        0x4 ./build/open_esplibs_libnet80211.a(ieee80211_hostap.o)
 .bss.hostap_timer
                0x3fff0dac       0x1c ./build/open_esplibs_libnet80211.a(ieee80211_hostap.o)
 .bss.hostap_flags
                0x3fff0dc8        0x1 ./build/open_esplibs_libnet80211.a(ieee80211_hostap.o)
 *fill*         0x3fff0dc9        0x3 
 .bss.uxSchedulerSuspended
                0x3fff0dcc        0x4 ./build/freertos.a(tasks.o)
 .bss.xIdleTaskHandle
                0x3fff0dd0        0x4 ./build/freertos.a(tasks.o)
 .bss.xNextTaskUnblockTime
                0x3fff0dd4        0x4 ./build/freertos.a(tasks.o)
 .bss.uxTaskNumber
                0x3fff0dd8        0x4 ./build/freertos.a(tasks.o)
 .bss.xNumOfOverflows
                0x3fff0ddc        0x4 ./build/freertos.a(tasks.o)
 .bss.xYieldPending
                0x3fff0de0        0x4 ./build/freertos.a(tasks.o)
 .bss.uxPendedTicks
                0x3fff0de4        0x4 ./build/freertos.a(tasks.o)
 .bss.xSchedulerRunning
                0x3fff0de8        0x4 ./build/freertos.a(tasks.o)
 .bss.uxTopReadyPriority
                0x3fff0dec        0x4 ./build/freertos.a(tasks.o)
 .bss.xTickCount
                0x3fff0df0        0x4 ./build/freertos.a(tasks.o)
 .bss.uxCurrentNumberOfTasks
                0x3fff0df4        0x4 ./build/freertos.a(tasks.o)
 .bss.xSuspendedTaskList
                0x3fff0df8       0x14 ./build/freertos.a(tasks.o)
 .bss.uxDeletedTasksWaitingCleanUp
                0x3fff0e0c        0x4 ./build/freertos.a(tasks.o)
 .bss.xTasksWaitingTermination
                0x3fff0e10       0x14 ./build/freertos.a(tasks.o)
 .bss.xPendingReadyList
                0x3fff0e24       0x14 ./build/freertos.a(tasks.o)
 .bss.pxOverflowDelayedTaskList
                0x3fff0e38        0x4 ./build/freertos.a(tasks.o)
 .bss.pxDelayedTaskList
                0x3fff0e3c        0x4 ./build/freertos.a(tasks.o)
 .bss.xDelayedTaskList2
                0x3fff0e40       0x14 ./build/freertos.a(tasks.o)
 .bss.xDelayedTaskList1
                0x3fff0e54       0x14 ./build/freertos.a(tasks.o)
 .bss.pxReadyTasksLists
                0x3fff0e68      0x12c ./build/freertos.a(tasks.o)
 .bss.pxCurrentTCB
                0x3fff0f94        0x4 ./build/freertos.a(tasks.o)
                0x3fff0f94                pxCurrentTCB
 .bss.xLastTime$3497
                0x3fff0f98        0x4 ./build/freertos.a(timers.o)
 .bss.xTimerTaskHandle
                0x3fff0f9c        0x4 ./build/freertos.a(timers.o)
 .bss.xTimerQueue
                0x3fff0fa0        0x4 ./build/freertos.a(timers.o)
 .bss.pxOverflowTimerList
                0x3fff0fa4        0x4 ./build/freertos.a(timers.o)
 .bss.pxCurrentTimerList
                0x3fff0fa8        0x4 ./build/freertos.a(timers.o)
 .bss.xActiveTimerList2
                0x3fff0fac       0x14 ./build/freertos.a(timers.o)
 .bss.xActiveTimerList1
                0x3fff0fc0       0x14 ./build/freertos.a(timers.o)
 .bss.uxCriticalNesting
                0x3fff0fd4        0x4 ./build/freertos.a(port.o)
 .bss.pending_maclayer_sv
                0x3fff0fd8        0x4 ./build/freertos.a(port.o)
 .bss.pending_soft_sv
                0x3fff0fdc        0x4 ./build/freertos.a(port.o)
 .bss.mbox      0x3fff0fe0        0x4 ./build/lwip.a(tcpip.o)
 .bss.tcpip_init_done_arg
                0x3fff0fe4        0x4 ./build/lwip.a(tcpip.o)
 .bss.tcpip_init_done
                0x3fff0fe8        0x4 ./build/lwip.a(tcpip.o)
 .bss.netif_num
                0x3fff0fec        0x1 ./build/lwip.a(netif.o)
 .bss.tcp_timer_ctr
                0x3fff0fed        0x1 ./build/lwip.a(tcp.o)
 .bss.tcp_timer
                0x3fff0fee        0x1 ./build/lwip.a(tcp.o)
 *fill*         0x3fff0fef        0x1 
 .bss.recv_data
                0x3fff0ff0        0x4 ./build/lwip.a(tcp_in.o)
 .bss.recv_flags
                0x3fff0ff4        0x1 ./build/lwip.a(tcp_in.o)
 .bss.flags     0x3fff0ff5        0x1 ./build/lwip.a(tcp_in.o)
 .bss.tcplen    0x3fff0ff6        0x2 ./build/lwip.a(tcp_in.o)
 .bss.recv_acked
                0x3fff0ff8        0x2 ./build/lwip.a(tcp_in.o)
 *fill*         0x3fff0ffa        0x2 
 .bss.ackno     0x3fff0ffc        0x4 ./build/lwip.a(tcp_in.o)
 .bss.seqno     0x3fff1000        0x4 ./build/lwip.a(tcp_in.o)
 .bss.tcp_optidx
                0x3fff1004        0x2 ./build/lwip.a(tcp_in.o)
 *fill*         0x3fff1006        0x2 
 .bss.tcphdr_opt2
                0x3fff1008        0x4 ./build/lwip.a(tcp_in.o)
 .bss.tcphdr_opt1len
                0x3fff100c        0x2 ./build/lwip.a(tcp_in.o)
 .bss.tcphdr_optlen
                0x3fff100e        0x2 ./build/lwip.a(tcp_in.o)
 .bss.tcphdr    0x3fff1010        0x4 ./build/lwip.a(tcp_in.o)
 .bss.inseg     0x3fff1014       0x10 ./build/lwip.a(tcp_in.o)
 .bss.tcpip_tcp_timer_active
                0x3fff1024        0x4 ./build/lwip.a(timeouts.o)
 .bss.timeouts_last_time
                0x3fff1028        0x4 ./build/lwip.a(timeouts.o)
 .bss.next_timeout
                0x3fff102c        0x4 ./build/lwip.a(timeouts.o)
 .bss.xid$4486  0x3fff1030        0x4 ./build/lwip.a(dhcp.o)
 .bss.dhcp_pcb_refcount
                0x3fff1034        0x1 ./build/lwip.a(dhcp.o)
 *fill*         0x3fff1035        0x3 
 .bss.dhcp_pcb  0x3fff1038        0x4 ./build/lwip.a(dhcp.o)
 .bss.etharp_cached_entry
                0x3fff103c        0x1 ./build/lwip.a(etharp.o)
 *fill*         0x3fff103d        0x3 
 .bss.arp_table
                0x3fff1040       0xf0 ./build/lwip.a(etharp.o)
 .bss.allrouters
                0x3fff1130        0x4 ./build/lwip.a(igmp.o)
 .bss.allsystems
                0x3fff1134        0x4 ./build/lwip.a(igmp.o)
 .bss.ip4_default_multicast_netif
                0x3fff1138        0x4 ./build/lwip.a(ip4.o)
 .bss.ip_id     0x3fff113c        0x2 ./build/lwip.a(ip4.o)
 .bss.ip_reass_pbufcount
                0x3fff113e        0x2 ./build/lwip.a(ip4_frag.o)
 .bss.reassdatagrams
                0x3fff1140        0x4 ./build/lwip.a(ip4_frag.o)
 .bss.my_nesting
                0x3fff1144        0x4 ./build/lwip.a(sys_arch.o)
 .bss.dns_servers
                0x3fff1148        0x8 ./build/lwip.a(dns.o)
 .bss.dns_requests
                0x3fff1150        0xc ./build/lwip.a(dns.o)
 .bss.dns_table
                0x3fff115c       0x90 ./build/lwip.a(dns.o)
 .bss.dns_pcbs  0x3fff11ec        0x4 ./build/lwip.a(dns.o)
 .bss.user_exception_handler
                0x3fff11f0        0x4 ./build/core.a(debug_dumps.o)
 .bss._sysparam_info
                0x3fff11f4       0x18 ./build/core.a(sysparam.o)
 .bss.heap_end$3835
                0x3fff120c        0x4 ./build/core.a(newlib_syscalls.o)
 .bss.sockets   0x3fff1210       0xc0 ./build/lwip.a(sockets.o)
 *(.gnu.linkonce.b.*)
 *(COMMON)
 COMMON         0x3fff12d0        0x4 ./build/open_esplibs_libmain.a(misc.o)
                0x3fff12d0                sdk__putc1
 COMMON         0x3fff12d4       0x28 ./build/open_esplibs_libmain.a(user_interface.o)
                0x3fff12d4                sdk_cpu_overclock
                0x3fff12d8                sdk_rst_if
                0x3fff12f8                sdk_promiscuous_cb
 COMMON         0x3fff12fc        0xc ./build/freertos.a(port.o)
                0x3fff12fc                level1_int_disabled
                0x3fff1300                cpu_sr
                0x3fff1304                xPortSupervisorStackPointer
 COMMON         0x3fff1308        0x4 ./build/lwip.a(esp_interface.o)
                0x3fff1308                pp_rx_pool_usage
 COMMON         0x3fff130c        0x4 ./build/lwip.a(tcpip.o)
                0x3fff130c                lock_tcpip_core
 COMMON         0x3fff1310        0x8 ./build/lwip.a(netif.o)
                0x3fff1310                netif_list
                0x3fff1314                netif_default
 COMMON         0x3fff1318        0x1 ./build/lwip.a(pbuf.o)
                0x3fff1318                pbuf_free_ooseq_pending
 *fill*         0x3fff1319        0x3 
 COMMON         0x3fff131c       0x18 ./build/lwip.a(tcp.o)
                0x3fff131c                tcp_active_pcbs_changed
                0x3fff1320                tcp_active_pcbs
                0x3fff1324                tcp_ticks
                0x3fff1328                tcp_listen_pcbs
                0x3fff132c                tcp_bound_pcbs
                0x3fff1330                tcp_tw_pcbs
 COMMON         0x3fff1334        0x4 ./build/lwip.a(tcp_in.o)
                0x3fff1334                tcp_input_pcb
 COMMON         0x3fff1338        0x4 ./build/lwip.a(udp.o)
                0x3fff1338                udp_pcbs
 COMMON         0x3fff133c       0x34 ./build/lwip.a(dhcp.o)
                0x3fff133c                dhcp_rx_options_given
                0x3fff1348                dhcp_rx_options_val
 COMMON         0x3fff1370       0x18 ./build/lwip.a(ip.o)
                0x3fff1370                ip_data
 COMMON         0x3fff1388       0x2d ./build/core.a(app_main.o)
                0x3fff1388                sdk_info
                0x3fff13ac                sdk_xWatchDogTaskHandle
                0x3fff13b0                sdk_xUserTaskHandle
                0x3fff13b4                sdk_user_init_flag
 *fill*         0x3fff13b5        0x3 
 COMMON         0x3fff13b8       0x81 ./build/core.a(esp_interrupts.o)
                0x3fff13b8                isr
                0x3fff1438                esp_in_isr
 *fill*         0x3fff1439        0x3 
 COMMON         0x3fff143c       0x90 ./build/lwip.a(sockets.o)
                0x3fff143c                socket_ipv4_multicast_memberships
                0x3fff14d0                . = ALIGN (0x8)
 *fill*         0x3fff14cc        0x4 
                0x3fff14d0                _bss_end = ABSOLUTE (.)
                0x3fff14d0                _heap_start = ABSOLUTE (.)

.irom0.text     0x40202010    0x35ed8
                0x40202010                _irom0_text_start = ABSOLUTE (.)
 *(.literal .text .literal.* .text.* .rodata .rodata.*)
 .text.add_pending_timer
                0x40202010       0x9c ./build/open_esplibs_libmain.a(ets_timer.o)
 .text.timer_task
                0x402020ac       0xb9 ./build/open_esplibs_libmain.a(ets_timer.o)
                                 0xd5 (size before relaxing)
 *fill*         0x40202165        0x3 
 .text.sdk_ets_timer_arm_ms_us
                0x40202168       0x69 ./build/open_esplibs_libmain.a(ets_timer.o)
                                 0x7d (size before relaxing)
                0x40202170                sdk_ets_timer_arm_ms_us
 *fill*         0x402021d1        0x3 
 .text.sdk_ets_timer_arm
                0x402021d4       0x17 ./build/open_esplibs_libmain.a(ets_timer.o)
                                 0x1b (size before relaxing)
                0x402021d4                sdk_ets_timer_arm
 *fill*         0x402021eb        0x1 
 .text.sdk_ets_timer_disarm
                0x402021ec       0x50 ./build/open_esplibs_libmain.a(ets_timer.o)
                                 0x5c (size before relaxing)
                0x402021ec                sdk_ets_timer_disarm
 .text.sdk_ets_timer_init
                0x4020223c       0xa8 ./build/open_esplibs_libmain.a(ets_timer.o)
                                 0xb8 (size before relaxing)
                0x40202258                sdk_ets_timer_init
 .text.sdk_os_update_cpu_frequency
                0x402022e4        0xb ./build/open_esplibs_libmain.a(misc.o)
                0x402022e8                sdk_os_update_cpu_frequency
                0x402022e8                sdk_ets_update_cpu_frequency
 *fill*         0x402022ef        0x1 
 .text.sdk_os_delay_us
                0x402022f0       0x33 ./build/open_esplibs_libmain.a(misc.o)
                                 0x3f (size before relaxing)
                0x402022f0                sdk_os_delay_us
                0x402022f0                sdk_ets_delay_us
 *fill*         0x40202323        0x1 
 .text.sdk_os_install_putc1
                0x40202324        0xb ./build/open_esplibs_libmain.a(misc.o)
                0x40202328                sdk_os_install_putc1
 *fill*         0x4020232f        0x1 
 .text.sdk_gpio_output_set
                0x40202330       0x1d ./build/open_esplibs_libmain.a(misc.o)
                0x40202334                sdk_gpio_output_set
 *fill*         0x4020234d        0x3 
 .text.sdk_rtc_get_reset_reason
                0x40202350       0x4a ./build/open_esplibs_libmain.a(misc.o)
                0x40202358                sdk_rtc_get_reset_reason
 *fill*         0x4020239a        0x2 
 .text.timer_tramp
                0x4020239c       0x17 ./build/open_esplibs_libmain.a(timers.o)
                                 0x1f (size before relaxing)
 *fill*         0x402023b3        0x1 
 .text.sdk_os_timer_setfn
                0x402023b4       0xac ./build/open_esplibs_libmain.a(timers.o)
                                 0xb8 (size before relaxing)
                0x402023c4                sdk_os_timer_setfn
 .text.sdk_os_timer_arm
                0x40202460       0xac ./build/open_esplibs_libmain.a(timers.o)
                                 0xd4 (size before relaxing)
                0x4020246c                sdk_os_timer_arm
 .text.sdk_os_timer_disarm
                0x4020250c       0x27 ./build/open_esplibs_libmain.a(timers.o)
                                 0x37 (size before relaxing)
                0x40202510                sdk_os_timer_disarm
 *fill*         0x40202533        0x1 
 .text._check_boot_version
                0x40202534       0x3a ./build/open_esplibs_libmain.a(user_interface.o)
                                 0x3e (size before relaxing)
 *fill*         0x4020256e        0x2 
 .text.sdk_system_pp_recycle_rx_pkt
                0x40202570        0xf ./build/open_esplibs_libmain.a(user_interface.o)
                                 0x17 (size before relaxing)
                0x40202570                sdk_system_pp_recycle_rx_pkt
 *fill*         0x4020257f        0x1 
 .text.sdk_system_restart
                0x40202580       0x53 ./build/open_esplibs_libmain.a(user_interface.o)
                                 0x7b (size before relaxing)
                0x4020258c                sdk_system_restart
 *fill*         0x402025d3        0x1 
 .text.sdk_system_get_boot_version
                0x402025d4        0xe ./build/open_esplibs_libmain.a(user_interface.o)
                                 0x12 (size before relaxing)
                0x402025d4                sdk_system_get_boot_version
 *fill*         0x402025e2        0x2 
 .text.sdk_system_get_test_result
                0x402025e4       0x22 ./build/open_esplibs_libmain.a(user_interface.o)
                                 0x2e (size before relaxing)
                0x402025e4                sdk_system_get_test_result
 *fill*         0x40202606        0x2 
 .text.sdk_system_upgrade_userbin_check
                0x40202608       0x40 ./build/open_esplibs_libmain.a(user_interface.o)
                                 0x44 (size before relaxing)
                0x40202608                sdk_system_upgrade_userbin_check
 .text.sdk_system_get_userbin_addr
                0x40202648       0x96 ./build/open_esplibs_libmain.a(user_interface.o)
                                 0x9e (size before relaxing)
                0x40202658                sdk_system_get_userbin_addr
 *fill*         0x402026de        0x2 
 .text.sdk_system_update_cpu_freq
                0x402026e0       0x5d ./build/open_esplibs_libmain.a(user_interface.o)
                                 0x69 (size before relaxing)
                0x402026e0                sdk_system_update_cpu_freq
 *fill*         0x4020273d        0x3 
 .text.sdk_system_get_cpu_freq
                0x40202740       0x1a ./build/open_esplibs_libmain.a(user_interface.o)
                0x40202744                sdk_system_get_cpu_freq
 *fill*         0x4020275a        0x2 
 .text.sdk_system_overclock
                0x4020275c       0x31 ./build/open_esplibs_libmain.a(user_interface.o)
                                 0x3d (size before relaxing)
                0x40202760                sdk_system_overclock
 *fill*         0x4020278d        0x3 
 .text.sdk_system_restoreclock
                0x40202790       0x33 ./build/open_esplibs_libmain.a(user_interface.o)
                                 0x43 (size before relaxing)
                0x40202790                sdk_system_restoreclock
 *fill*         0x402027c3        0x1 
 .text.sdk_system_station_got_ip_set
                0x402027c4       0x8d ./build/open_esplibs_libmain.a(user_interface.o)
                                 0xa9 (size before relaxing)
                0x402027cc                sdk_system_station_got_ip_set
 *fill*         0x40202851        0x3 
 .text.sdk_wifi_get_macaddr
                0x40202854       0x67 ./build/open_esplibs_libmain.a(user_interface.o)
                                 0x73 (size before relaxing)
                0x4020285c                sdk_wifi_get_macaddr
 *fill*         0x402028bb        0x1 
 .text.sdk_ieee80211_hostap_attach
                0x402028bc      0x19d ./build/open_esplibs_libnet80211.a(ieee80211_hostap.o)
                                0x1fd (size before relaxing)
                0x402028e0                sdk_ieee80211_hostap_attach
 *fill*         0x40202a59        0x3 
 .text.sdk_wifi_softap_start
                0x40202a5c      0x15a ./build/open_esplibs_libnet80211.a(ieee80211_hostap.o)
                                0x196 (size before relaxing)
                0x40202a80                sdk_wifi_softap_start
 *fill*         0x40202bb6        0x2 
 .text.sdk_wifi_softap_stop
                0x40202bb8      0x139 ./build/open_esplibs_libnet80211.a(ieee80211_hostap.o)
                                0x1a5 (size before relaxing)
                0x40202bbc                sdk_wifi_softap_stop
 *fill*         0x40202cf1        0x3 
 .text.sdk_sta_status_set
                0x40202cf4       0x42 ./build/open_esplibs_libnet80211.a(ieee80211_sta.o)
                                 0x46 (size before relaxing)
                0x40202cf4                sdk_sta_status_set
 *fill*         0x40202d36        0x2 
 .text.sdk_wifi_station_start
                0x40202d38       0x9d ./build/open_esplibs_libnet80211.a(ieee80211_sta.o)
                                 0xc5 (size before relaxing)
                0x40202d48                sdk_wifi_station_start
 *fill*         0x40202dd5        0x3 
 .text.sdk_wifi_station_stop
                0x40202dd8       0x4b ./build/open_esplibs_libnet80211.a(ieee80211_sta.o)
                                 0x5b (size before relaxing)
                0x40202dd8                sdk_wifi_station_stop
 *fill*         0x40202e23        0x1 
 .text.dhcp_if_down
                0x40202e24       0x1d ./build/open_esplibs_libnet80211.a(wl_cnx.o)
                                 0x29 (size before relaxing)
                0x40202e24                dhcp_if_down
 *fill*         0x40202e41        0x3 
 .text.sdk_cnx_rc_search
                0x40202e44       0x62 ./build/open_esplibs_libnet80211.a(wl_cnx.o)
                                 0x66 (size before relaxing)
                0x40202e48                sdk_cnx_rc_search
 *fill*         0x40202ea6        0x2 
 .text.sdk_cnx_add_rc
                0x40202ea8       0x7c ./build/open_esplibs_libnet80211.a(wl_cnx.o)
                                 0x80 (size before relaxing)
                0x40202ea8                sdk_cnx_add_rc
 .text.sdk_cnx_remove_rc
                0x40202f24       0x9b ./build/open_esplibs_libnet80211.a(wl_cnx.o)
                                 0x9f (size before relaxing)
                0x40202f28                sdk_cnx_remove_rc
 *fill*         0x40202fbf        0x1 
 .text.sdk_cnx_node_remove
                0x40202fc0       0x7c ./build/open_esplibs_libnet80211.a(wl_cnx.o)
                                 0x98 (size before relaxing)
                0x40202fc0                sdk_cnx_node_remove
 .text.sdk_cnx_node_search
                0x4020303c       0x5a ./build/open_esplibs_libnet80211.a(wl_cnx.o)
                                 0x62 (size before relaxing)
                0x4020303c                sdk_cnx_node_search
 *fill*         0x40203096        0x2 
 .text.sdk_wpa_config_assoc_ie
                0x40203098       0x17 ./build/open_esplibs_libwpa.a(wpa_main.o)
                                 0x1b (size before relaxing)
                0x40203098                sdk_wpa_config_assoc_ie
 *fill*         0x402030af        0x1 
 .text.sdk_dhcp_bind_check
                0x402030b0       0x22 ./build/open_esplibs_libwpa.a(wpa_main.o)
                                 0x26 (size before relaxing)
                0x402030b0                sdk_dhcp_bind_check
 *fill*         0x402030d2        0x2 
 .text.wpa_callback2
                0x402030d4       0x33 ./build/open_esplibs_libwpa.a(wpa_main.o)
                                 0x47 (size before relaxing)
 *fill*         0x40203107        0x1 
 .text.wpa_callback1
                0x40203108       0x1b ./build/open_esplibs_libwpa.a(wpa_main.o)
                                 0x23 (size before relaxing)
 *fill*         0x40203123        0x1 
 .text.sdk_wpa_config_profile
                0x40203124       0x49 ./build/open_esplibs_libwpa.a(wpa_main.o)
                                 0x58 (size before relaxing)
                0x40203124                sdk_wpa_config_profile
 *fill*         0x4020316d        0x3 
 .text.sdk_wpa_config_bss
                0x40203170       0x2f ./build/open_esplibs_libwpa.a(wpa_main.o)
                                 0x37 (size before relaxing)
                0x40203170                sdk_wpa_config_bss
 *fill*         0x4020319f        0x1 
 .text.sdk_eagle_auth_done
                0x402031a0       0xff ./build/open_esplibs_libwpa.a(wpa_main.o)
                                0x163 (size before relaxing)
                0x402031c4                sdk_eagle_auth_done
 *fill*         0x4020329f        0x1 
 .text.sdk_wpa_neg_complete
                0x402032a0        0xf ./build/open_esplibs_libwpa.a(wpa_main.o)
                                 0x17 (size before relaxing)
                0x402032a0                sdk_wpa_neg_complete
 *fill*         0x402032af        0x1 
 .text.sdk_wpa_attach
                0x402032b0       0x4f ./build/open_esplibs_libwpa.a(wpa_main.o)
                                 0x5f (size before relaxing)
                0x402032c8                sdk_wpa_attach
 *fill*         0x402032ff        0x1 
 .text.prvResetNextTaskUnblockTime
                0x40203300       0x39 ./build/freertos.a(tasks.o)
 *fill*         0x40203339        0x3 
 .text.prvAddCurrentTaskToDelayedList
                0x4020333c       0xa4 ./build/freertos.a(tasks.o)
                                 0xc4 (size before relaxing)
 .text.prvIdleTask
                0x402033e0       0x83 ./build/freertos.a(tasks.o)
                                 0x9f (size before relaxing)
 *fill*         0x40203463        0x1 
 .text.xTaskCreate
                0x40203464      0x233 ./build/freertos.a(tasks.o)
                                0x2ab (size before relaxing)
                0x40203490                xTaskCreate
 *fill*         0x40203697        0x1 
 .text.vTaskDelete
                0x40203698       0xd1 ./build/freertos.a(tasks.o)
                                0x121 (size before relaxing)
                0x402036a0                vTaskDelete
 *fill*         0x40203769        0x3 
 .text.vTaskStartScheduler
                0x4020376c       0xa4 ./build/freertos.a(tasks.o)
                                 0xd7 (size before relaxing)
                0x40203788                vTaskStartScheduler
 *fill*         0x40203810        0x0 
 .text.vTaskSuspendAll
                0x40203810       0x11 ./build/freertos.a(tasks.o)
                                 0x15 (size before relaxing)
                0x40203810                vTaskSuspendAll
 *fill*         0x40203821        0x3 
 .text.xTaskGetTickCount
                0x40203824       0x27 ./build/freertos.a(tasks.o)
                                 0x33 (size before relaxing)
                0x40203824                xTaskGetTickCount
 *fill*         0x4020384b        0x1 
 .text.xTaskIncrementTick
                0x4020384c      0x127 ./build/freertos.a(tasks.o)
                                0x167 (size before relaxing)
                0x40203858                xTaskIncrementTick
 *fill*         0x40203973        0x1 
 .text.xTaskResumeAll
                0x40203974       0xf7 ./build/freertos.a(tasks.o)
                                0x147 (size before relaxing)
                0x4020397c                xTaskResumeAll
 *fill*         0x40203a6b        0x1 
 .text.vTaskDelay
                0x40203a6c       0x50 ./build/freertos.a(tasks.o)
                                 0x74 (size before relaxing)
                0x40203a6c                vTaskDelay
 .text.vTaskSwitchContext
                0x40203abc       0xea ./build/freertos.a(tasks.o)
                                0x10a (size before relaxing)
                0x40203ac8                vTaskSwitchContext
 *fill*         0x40203ba6        0x2 
 .text.vTaskPlaceOnEventList
                0x40203ba8       0x41 ./build/freertos.a(tasks.o)
                                 0x5d (size before relaxing)
                0x40203bac                vTaskPlaceOnEventList
 *fill*         0x40203be9        0x3 
 .text.vTaskPlaceOnEventListRestricted
                0x40203bec       0x4a ./build/freertos.a(tasks.o)
                                 0x66 (size before relaxing)
                0x40203bf0                vTaskPlaceOnEventListRestricted
 *fill*         0x40203c36        0x2 
 .text.xTaskRemoveFromEventList
                0x40203c38       0x87 ./build/freertos.a(tasks.o)
                                 0xcb (size before relaxing)
                0x40203c3c                xTaskRemoveFromEventList
 *fill*         0x40203cbf        0x1 
 .text.vTaskInternalSetTimeOutState
                0x40203cc0       0x16 ./build/freertos.a(tasks.o)
                                 0x1e (size before relaxing)
                0x40203cc0                vTaskInternalSetTimeOutState
 *fill*         0x40203cd6        0x2 
 .text.xTaskCheckForTimeOut
                0x40203cd8       0x91 ./build/freertos.a(tasks.o)
                                 0xb1 (size before relaxing)
                0x40203ce0                xTaskCheckForTimeOut
 *fill*         0x40203d69        0x3 
 .text.vTaskMissedYield
                0x40203d6c        0xc ./build/freertos.a(tasks.o)
                                 0x10 (size before relaxing)
                0x40203d6c                vTaskMissedYield
 .text.uxTaskGetStackHighWaterMark
                0x40203d78       0x2c ./build/freertos.a(tasks.o)
                                 0x30 (size before relaxing)
                0x40203d78                uxTaskGetStackHighWaterMark
 .text.xTaskGetSchedulerState
                0x40203da4       0x1e ./build/freertos.a(tasks.o)
                                 0x26 (size before relaxing)
                0x40203da4                xTaskGetSchedulerState
 *fill*         0x40203dc2        0x2 
 .text.xTaskPriorityInherit
                0x40203dc4       0xaa ./build/freertos.a(tasks.o)
                                 0xc2 (size before relaxing)
                0x40203dc4                xTaskPriorityInherit
 *fill*         0x40203e6e        0x2 
 .text.xTaskPriorityDisinherit
                0x40203e70       0x92 ./build/freertos.a(tasks.o)
                                 0xbe (size before relaxing)
                0x40203e78                xTaskPriorityDisinherit
 *fill*         0x40203f02        0x2 
 .text.vTaskPriorityDisinheritAfterTimeout
                0x40203f04       0xb3 ./build/freertos.a(tasks.o)
                                 0xd3 (size before relaxing)
                0x40203f0c                vTaskPriorityDisinheritAfterTimeout
 *fill*         0x40203fb7        0x1 
 .text.pvTaskIncrementMutexHeldCount
                0x40203fb8       0x1f ./build/freertos.a(tasks.o)
                                 0x23 (size before relaxing)
                0x40203fb8                pvTaskIncrementMutexHeldCount
 *fill*         0x40203fd7        0x1 
 .text.xTaskNotifyWait
                0x40203fd8       0xdf ./build/freertos.a(tasks.o)
                                 0xff (size before relaxing)
                0x40203fd8                xTaskNotifyWait
 *fill*         0x402040b7        0x1 
 .text.xTaskGenericNotifyFromISR
                0x402040b8      0x135 ./build/freertos.a(tasks.o)
                                0x179 (size before relaxing)
                0x402040c4                xTaskGenericNotifyFromISR
 *fill*         0x402041ed        0x3 
 .text.prvCheckForValidListAndQueue
                0x402041f0       0x69 ./build/freertos.a(timers.o)
                                 0x89 (size before relaxing)
 *fill*         0x40204259        0x3 
 .text.prvInsertTimerInActiveList
                0x4020425c       0x45 ./build/freertos.a(timers.o)
                                 0x59 (size before relaxing)
 *fill*         0x402042a1        0x3 
 .text.xTimerCreateTimerTask
                0x402042a4       0x49 ./build/freertos.a(timers.o)
                                 0x61 (size before relaxing)
                0x402042b4                xTimerCreateTimerTask
 *fill*         0x402042ed        0x3 
 .text.xTimerCreate
                0x402042f0       0x59 ./build/freertos.a(timers.o)
                                 0x75 (size before relaxing)
                0x402042f0                xTimerCreate
 *fill*         0x40204349        0x3 
 .text.xTimerGenericCommand
                0x4020434c       0x7f ./build/freertos.a(timers.o)
                                 0x9f (size before relaxing)
                0x4020434c                xTimerGenericCommand
 *fill*         0x402043cb        0x1 
 .text.prvSwitchTimerLists
                0x402043cc       0x80 ./build/freertos.a(timers.o)
                                 0xa6 (size before relaxing)
 *fill*         0x4020444c        0x0 
 .text.prvTimerTask
                0x4020444c      0x1bb ./build/freertos.a(timers.o)
                                0x253 (size before relaxing)
 *fill*         0x40204607        0x1 
 .text.pvTimerGetTimerID
                0x40204608       0x2d ./build/freertos.a(timers.o)
                                 0x41 (size before relaxing)
                0x40204608                pvTimerGetTimerID
 *fill*         0x40204635        0x3 
 .text.vAssertCalled
                0x40204638       0x22 ./build/freertos.a(port.o)
                                 0x26 (size before relaxing)
                0x40204640                vAssertCalled
 *fill*         0x4020465a        0x2 
 .text.pxPortInitialiseStack
                0x4020465c       0x37 ./build/freertos.a(port.o)
                0x40204660                pxPortInitialiseStack
 *fill*         0x40204693        0x1 
 .text.xPortSysTickHandle
                0x40204694       0x14 ./build/freertos.a(port.o)
                                 0x23 (size before relaxing)
                0x40204694                xPortSysTickHandle
 *fill*         0x402046a8        0x0 
 .text.xPortStartScheduler
                0x402046a8       0x7e ./build/freertos.a(port.o)
                                 0x8e (size before relaxing)
                0x402046bc                xPortStartScheduler
 *fill*         0x40204726        0x2 
 .text.xPortGetFreeHeapSize
                0x40204728       0x28 ./build/freertos.a(port.o)
                                 0x38 (size before relaxing)
                0x40204728                xPortGetFreeHeapSize
 .text.xTaskGenericCreate
                0x40204750       0x15 ./build/freertos.a(port.o)
                                 0x19 (size before relaxing)
                0x40204750                xTaskGenericCreate
 *fill*         0x40204765        0x3 
 .text.xQueueGenericReceive
                0x40204768       0x1e ./build/freertos.a(port.o)
                                 0x2d (size before relaxing)
                0x4020476c                xQueueGenericReceive
 *fill*         0x40204786        0x2 
 .text.prvCopyDataToQueue
                0x40204788       0xa7 ./build/freertos.a(queue.o)
                                 0xb3 (size before relaxing)
 *fill*         0x4020482f        0x1 
 .text.prvCopyDataFromQueue
                0x40204830       0x2b ./build/freertos.a(queue.o)
                                 0x2f (size before relaxing)
 *fill*         0x4020485b        0x1 
 .text.prvUnlockQueue
                0x4020485c       0xc4 ./build/freertos.a(queue.o)
                                 0xec (size before relaxing)
 .text.xQueueGenericReset
                0x40204920       0x85 ./build/freertos.a(queue.o)
                                 0xa9 (size before relaxing)
                0x40204924                xQueueGenericReset
 *fill*         0x402049a5        0x3 
 .text.xQueueGenericCreate
                0x402049a8       0x76 ./build/freertos.a(queue.o)
                                 0x8a (size before relaxing)
                0x402049a8                xQueueGenericCreate
 *fill*         0x40204a1e        0x2 
 .text.xQueueGenericSend
                0x40204a20      0x17a ./build/freertos.a(queue.o)
                                0x20e (size before relaxing)
                0x40204a20                xQueueGenericSend
 *fill*         0x40204b9a        0x2 
 .text.xQueueCreateMutex
                0x40204b9c       0x31 ./build/freertos.a(queue.o)
                                 0x3d (size before relaxing)
                0x40204b9c                xQueueCreateMutex
 *fill*         0x40204bcd        0x3 
 .text.xQueueGenericSendFromISR
                0x40204bd0       0xbf ./build/freertos.a(queue.o)
                                 0xf3 (size before relaxing)
                0x40204bd0                xQueueGenericSendFromISR
 *fill*         0x40204c8f        0x1 
 .text.xQueueReceive
                0x40204c90      0x16d ./build/freertos.a(queue.o)
                                0x205 (size before relaxing)
                0x40204c90                xQueueReceive
 *fill*         0x40204dfd        0x3 
 .text.xQueueSemaphoreTake
                0x40204e00      0x1c4 ./build/freertos.a(queue.o)
                                0x278 (size before relaxing)
                0x40204e00                xQueueSemaphoreTake
 .text.uxQueueMessagesWaiting
                0x40204fc4       0x30 ./build/freertos.a(queue.o)
                                 0x44 (size before relaxing)
                0x40204fc4                uxQueueMessagesWaiting
 .text.uxQueueMessagesWaitingFromISR
                0x40204ff4       0x26 ./build/freertos.a(queue.o)
                                 0x2e (size before relaxing)
                0x40204ff4                uxQueueMessagesWaitingFromISR
 *fill*         0x4020501a        0x2 
 .text.vQueueDelete
                0x4020501c       0x29 ./build/freertos.a(queue.o)
                                 0x35 (size before relaxing)
                0x4020501c                vQueueDelete
 *fill*         0x40205045        0x3 
 .text.vQueueWaitForMessageRestricted
                0x40205048       0x6f ./build/freertos.a(queue.o)
                                 0x7f (size before relaxing)
                0x40205048                vQueueWaitForMessageRestricted
 *fill*         0x402050b7        0x1 
 .text.low_level_output
                0x402050b8       0x5e ./build/lwip.a(esp_interface.o)
                                 0x7a (size before relaxing)
 *fill*         0x40205116        0x2 
 .text.pp_recycle_rx_pbuf
                0x40205118       0x38 ./build/lwip.a(esp_interface.o)
                                 0x44 (size before relaxing)
                0x4020511c                pp_recycle_rx_pbuf
 .text.ooseq_bytes_limit
                0x40205150        0x9 ./build/lwip.a(esp_interface.o)
                0x40205154                ooseq_bytes_limit
 *fill*         0x40205159        0x3 
 .text.ooseq_pbufs_limit
                0x4020515c       0x41 ./build/lwip.a(esp_interface.o)
                                 0x49 (size before relaxing)
                0x4020515c                ooseq_pbufs_limit
 *fill*         0x4020519d        0x3 
 .text.ethernetif_input
                0x402051a0       0x87 ./build/lwip.a(esp_interface.o)
                                 0x9e (size before relaxing)
                0x402051ac                ethernetif_input
 *fill*         0x40205227        0x1 
 .text.sdk_pbuf_alloc
                0x40205228       0x33 ./build/lwip.a(esp_interface.o)
                                 0x3b (size before relaxing)
                0x40205228                sdk_pbuf_alloc
 *fill*         0x4020525b        0x1 
 .text.ethernetif_init
                0x4020525c       0x34 ./build/lwip.a(esp_interface.o)
                0x40205264                ethernetif_init
 .text.tcpip_thread
                0x40205290       0x8f ./build/lwip.a(tcpip.o)
                                 0xbb (size before relaxing)
 *fill*         0x4020531f        0x1 
 .text.tcpip_inpkt
                0x40205320       0x5b ./build/lwip.a(tcpip.o)
                                 0x77 (size before relaxing)
                0x40205320                tcpip_inpkt
 *fill*         0x4020537b        0x1 
 .text.tcpip_input
                0x4020537c       0x34 ./build/lwip.a(tcpip.o)
                                 0x43 (size before relaxing)
                0x40205384                tcpip_input
 *fill*         0x402053b0        0x0 
 .text.tcpip_try_callback
                0x402053b0       0x4e ./build/lwip.a(tcpip.o)
                                 0x6a (size before relaxing)
                0x402053b0                tcpip_try_callback
 *fill*         0x402053fe        0x2 
 .text.tcpip_send_msg_wait_sem
                0x40205400       0x30 ./build/lwip.a(tcpip.o)
                                 0x44 (size before relaxing)
                0x40205400                tcpip_send_msg_wait_sem
 .text.tcpip_init
                0x40205430       0x4c ./build/lwip.a(tcpip.o)
                                 0x78 (size before relaxing)
                0x40205438                tcpip_init
 .text.lwip_htonl
                0x4020547c       0x2b ./build/lwip.a(def.o)
                0x40205484                lwip_htonl
 *fill*         0x402054a7        0x1 
 .text.lwip_init
                0x402054a8       0x27 ./build/lwip.a(init.o)
                                 0x67 (size before relaxing)
                0x402054a8                lwip_init
 *fill*         0x402054cf        0x1 
 .text.mem_malloc
                0x402054d0       0x25 ./build/lwip.a(mem.o)
                                 0x35 (size before relaxing)
                0x402054d0                mem_malloc
 *fill*         0x402054f5        0x3 
 .text.mem_free
                0x402054f8       0x13 ./build/lwip.a(mem.o)
                                 0x17 (size before relaxing)
                0x402054f8                mem_free
 *fill*         0x4020550b        0x1 
 .text.do_memp_malloc_pool
                0x4020550c       0x29 ./build/lwip.a(memp.o)
                                 0x3d (size before relaxing)
 *fill*         0x40205535        0x3 
 .text.memp_malloc
                0x40205538       0x1b ./build/lwip.a(memp.o)
                                 0x23 (size before relaxing)
                0x4020553c                memp_malloc
 *fill*         0x40205553        0x1 
 .text.memp_free
                0x40205554       0x21 ./build/lwip.a(memp.o)
                                 0x35 (size before relaxing)
                0x40205554                memp_free
 *fill*         0x40205575        0x3 
 .text.netif_issue_reports$part$0
                0x40205578       0x29 ./build/lwip.a(netif.o)
                                 0x39 (size before relaxing)
 *fill*         0x402055a1        0x3 
 .text.netif_set_ipaddr
                0x402055a4       0x59 ./build/lwip.a(netif.o)
                                 0x6d (size before relaxing)
                0x402055a8                netif_set_ipaddr
 *fill*         0x402055fd        0x3 
 .text.netif_set_addr
                0x40205600       0xb6 ./build/lwip.a(netif.o)
                                 0xc6 (size before relaxing)
                0x40205600                netif_set_addr
 *fill*         0x402056b6        0x2 
 .text.netif_add
                0x402056b8       0xef ./build/lwip.a(netif.o)
                                 0xff (size before relaxing)
                0x402056c0                netif_add
 *fill*         0x402057a7        0x1 
 .text.netif_set_default
                0x402057a8        0xb ./build/lwip.a(netif.o)
                0x402057ac                netif_set_default
 *fill*         0x402057b3        0x1 
 .text.netif_set_up
                0x402057b4       0x27 ./build/lwip.a(netif.o)
                                 0x2b (size before relaxing)
                0x402057b4                netif_set_up
 *fill*         0x402057db        0x1 
 .text.netif_set_down
                0x402057dc       0x20 ./build/lwip.a(netif.o)
                                 0x27 (size before relaxing)
                0x402057dc                netif_set_down
 *fill*         0x402057fc        0x0 
 .text.netif_get_by_index
                0x402057fc       0x30 ./build/lwip.a(netif.o)
                                 0x34 (size before relaxing)
                0x402057fc                netif_get_by_index
 .text.pbuf_free_ooseq_callback
                0x4020582c       0x40 ./build/lwip.a(pbuf.o)
                                 0x54 (size before relaxing)
 .text.pbuf_add_header_impl
                0x4020586c       0x5a ./build/lwip.a(pbuf.o)
 *fill*         0x402058c6        0x2 
 .text.pbuf_alloc_reference
                0x402058c8       0x45 ./build/lwip.a(pbuf.o)
                                 0x49 (size before relaxing)
                0x402058c8                pbuf_alloc_reference
 *fill*         0x4020590d        0x3 
 .text.pbuf_add_header
                0x40205910       0x14 ./build/lwip.a(pbuf.o)
                                 0x18 (size before relaxing)
                0x40205910                pbuf_add_header
 .text.pbuf_remove_header
                0x40205924       0x29 ./build/lwip.a(pbuf.o)
                                 0x2d (size before relaxing)
                0x40205924                pbuf_remove_header
 *fill*         0x4020594d        0x3 
 .text.pbuf_header_force
                0x40205950       0x27 ./build/lwip.a(pbuf.o)
                                 0x33 (size before relaxing)
                0x40205950                pbuf_header_force
 *fill*         0x40205977        0x1 
 .text.pbuf_free
                0x40205978       0x79 ./build/lwip.a(pbuf.o)
                                 0x9d (size before relaxing)
                0x40205978                pbuf_free
 *fill*         0x402059f1        0x3 
 .text.pbuf_alloc
                0x402059f4      0x157 ./build/lwip.a(pbuf.o)
                                0x197 (size before relaxing)
                0x402059f8                pbuf_alloc
 *fill*         0x40205b4b        0x1 
 .text.pbuf_realloc
                0x40205b4c       0x74 ./build/lwip.a(pbuf.o)
                                 0x7f (size before relaxing)
                0x40205b4c                pbuf_realloc
 *fill*         0x40205bc0        0x0 
 .text.pbuf_free_header
                0x40205bc0       0x53 ./build/lwip.a(pbuf.o)
                                 0x5b (size before relaxing)
                0x40205bc0                pbuf_free_header
 *fill*         0x40205c13        0x1 
 .text.pbuf_ref
                0x40205c14       0x25 ./build/lwip.a(pbuf.o)
                                 0x31 (size before relaxing)
                0x40205c14                pbuf_ref
 *fill*         0x40205c39        0x3 
 .text.pbuf_chain
                0x40205c3c       0x40 ./build/lwip.a(pbuf.o)
                                 0x44 (size before relaxing)
                0x40205c3c                pbuf_chain
 .text.pbuf_copy
                0x40205c7c       0x68 ./build/lwip.a(pbuf.o)
                                 0x6c (size before relaxing)
                0x40205c7c                pbuf_copy
 .text.pbuf_copy_partial
                0x40205ce4       0x82 ./build/lwip.a(pbuf.o)
                                 0x86 (size before relaxing)
                0x40205ce4                pbuf_copy_partial
 *fill*         0x40205d66        0x2 
 .text.pbuf_take
                0x40205d68       0x6e ./build/lwip.a(pbuf.o)
                                 0x72 (size before relaxing)
                0x40205d68                pbuf_take
 *fill*         0x40205dd6        0x2 
 .text.pbuf_take_at
                0x40205dd8       0x8f ./build/lwip.a(pbuf.o)
                                 0x9f (size before relaxing)
                0x40205dd8                pbuf_take_at
 *fill*         0x40205e67        0x1 
 .text.pbuf_clone
                0x40205e68       0x2b ./build/lwip.a(pbuf.o)
                                 0x37 (size before relaxing)
                0x40205e68                pbuf_clone
 *fill*         0x40205e93        0x1 
 .text.tcp_close_shutdown_fin
                0x40205e94       0x86 ./build/lwip.a(tcp.o)
                                 0xa2 (size before relaxing)
 *fill*         0x40205f1a        0x2 
 .text.tcp_init
                0x40205f1c       0x27 ./build/lwip.a(tcp.o)
                0x40205f24                tcp_init
 *fill*         0x40205f43        0x1 
 .text.tcp_backlog_accepted
                0x40205f44       0x15 ./build/lwip.a(tcp.o)
                                 0x1c (size before relaxing)
                0x40205f44                tcp_backlog_accepted
 *fill*         0x40205f59        0x3 
 .text.tcp_update_rcv_ann_wnd
                0x40205f5c       0x46 ./build/lwip.a(tcp.o)
                0x40205f60                tcp_update_rcv_ann_wnd
 *fill*         0x40205fa2        0x2 
 .text.tcp_recved
                0x40205fa4       0x67 ./build/lwip.a(tcp.o)
                                 0x73 (size before relaxing)
                0x40205fa8                tcp_recved
 *fill*         0x4020600b        0x1 
 .text.tcp_seg_free
                0x4020600c       0x26 ./build/lwip.a(tcp.o)
                                 0x31 (size before relaxing)
                0x4020600c                tcp_seg_free
 *fill*         0x40206032        0x2 
 .text.tcp_segs_free
                0x40206034       0x21 ./build/lwip.a(tcp.o)
                                 0x25 (size before relaxing)
                0x40206034                tcp_segs_free
 *fill*         0x40206055        0x3 
 .text.tcp_seg_copy
                0x40206058       0x33 ./build/lwip.a(tcp.o)
                                 0x43 (size before relaxing)
                0x40206058                tcp_seg_copy
 *fill*         0x4020608b        0x1 
 .text.tcp_next_iss
                0x4020608c       0x18 ./build/lwip.a(tcp.o)
                0x40206094                tcp_next_iss
 .text.tcp_free_ooseq
                0x402060a4       0x3b ./build/lwip.a(tcp.o)
                                 0x43 (size before relaxing)
                0x402060a4                tcp_free_ooseq
 *fill*         0x402060df        0x1 
 .text.tcp_pcb_purge
                0x402060e0       0x85 ./build/lwip.a(tcp.o)
                                 0x9d (size before relaxing)
                0x402060e0                tcp_pcb_purge
 *fill*         0x40206165        0x3 
 .text.tcp_pcb_remove
                0x40206168       0x6c ./build/lwip.a(tcp.o)
                                 0x78 (size before relaxing)
                0x40206168                tcp_pcb_remove
 .text.tcp_abandon
                0x402061d4      0x137 ./build/lwip.a(tcp.o)
                                0x16b (size before relaxing)
                0x402061e0                tcp_abandon
 *fill*         0x4020630b        0x1 
 .text.tcp_abort
                0x4020630c       0x14 ./build/lwip.a(tcp.o)
                                 0x18 (size before relaxing)
                0x4020630c                tcp_abort
 .text.tcp_kill_timewait
                0x40206320       0x42 ./build/lwip.a(tcp.o)
                                 0x4e (size before relaxing)
 *fill*         0x40206362        0x2 
 .text.tcp_netif_ip_addr_changed_pcblist
                0x40206364       0x35 ./build/lwip.a(tcp.o)
                                 0x39 (size before relaxing)
 *fill*         0x40206399        0x3 
 .text.tcp_netif_ip_addr_changed
                0x4020639c       0x5b ./build/lwip.a(tcp.o)
                                 0x6f (size before relaxing)
                0x402063a0                tcp_netif_ip_addr_changed
 *fill*         0x402063f7        0x1 
 .text.tcp_kill_state
                0x402063f8       0x3c ./build/lwip.a(tcp.o)
                                 0x48 (size before relaxing)
 .text.tcp_alloc
                0x40206434      0x125 ./build/lwip.a(tcp.o)
                                0x185 (size before relaxing)
                0x40206448                tcp_alloc
 *fill*         0x40206559        0x3 
 .text.tcp_close_shutdown
                0x4020655c      0x19f ./build/lwip.a(tcp.o)
                                0x1ef (size before relaxing)
 *fill*         0x402066fb        0x1 
 .text.tcp_close
                0x402066fc       0x27 ./build/lwip.a(tcp.o)
                                 0x2b (size before relaxing)
                0x402066fc                tcp_close
 *fill*         0x40206723        0x1 
 .text.tcp_recv_null
                0x40206724       0x3d ./build/lwip.a(tcp.o)
                                 0x4d (size before relaxing)
                0x40206724                tcp_recv_null
 *fill*         0x40206761        0x3 
 .text.tcp_process_refused_data
                0x40206764       0x97 ./build/lwip.a(tcp.o)
                                 0xa3 (size before relaxing)
                0x40206764                tcp_process_refused_data
 *fill*         0x402067fb        0x1 
 .text.tcp_fasttmr
                0x402067fc       0x93 ./build/lwip.a(tcp.o)
                                 0xb3 (size before relaxing)
                0x402067fc                tcp_fasttmr
 *fill*         0x4020688f        0x1 
 .text.tcp_shutdown
                0x40206890       0x71 ./build/lwip.a(tcp.o)
                                 0x85 (size before relaxing)
                0x40206890                tcp_shutdown
 *fill*         0x40206901        0x3 
 .text.tcp_slowtmr
                0x40206904      0x397 ./build/lwip.a(tcp.o)
                                0x3ff (size before relaxing)
                0x40206914                tcp_slowtmr
 *fill*         0x40206c9b        0x1 
 .text.tcp_tmr  0x40206c9c       0x27 ./build/lwip.a(tcp.o)
                                 0x37 (size before relaxing)
                0x40206ca0                tcp_tmr
 *fill*         0x40206cc3        0x1 
 .text.tcp_get_next_optbyte
                0x40206cc4       0x45 ./build/lwip.a(tcp_in.o)
 *fill*         0x40206d09        0x3 
 .text.tcp_oos_insert_segment
                0x40206d0c      0x11e ./build/lwip.a(tcp_in.o)
                                0x13e (size before relaxing)
 *fill*         0x40206e2a        0x2 
 .text.tcp_parseopt$part$0
                0x40206e2c      0x17d ./build/lwip.a(tcp_in.o)
                                0x1d9 (size before relaxing)
 *fill*         0x40206fa9        0x3 
 .text.unlikely.tcp_input_delayed_close$part$1
                0x40206fac       0x39 ./build/lwip.a(tcp_in.o)
                                 0x49 (size before relaxing)
 *fill*         0x40206fe5        0x3 
 .text.tcp_free_acked_segments$isra$2
                0x40206fe8       0xb2 ./build/lwip.a(tcp_in.o)
                                 0xce (size before relaxing)
 *fill*         0x4020709a        0x2 
 .text.tcp_receive
                0x4020709c      0xe60 ./build/lwip.a(tcp_in.o)
                                0xfe4 (size before relaxing)
 .text.tcp_input
                0x40207efc      0xbe3 ./build/lwip.a(tcp_in.o)
                                0xdb7 (size before relaxing)
                0x40207f10                tcp_input
 *fill*         0x40208adf        0x1 
 .text.tcp_trigger_input_pcb_close
                0x40208ae0       0x10 ./build/lwip.a(tcp_in.o)
                                 0x14 (size before relaxing)
                0x40208ae0                tcp_trigger_input_pcb_close
 .text.tcp_output_alloc_header
                0x40208af0       0xd9 ./build/lwip.a(tcp_out.o)
                                0x101 (size before relaxing)
 *fill*         0x40208bc9        0x3 
 .text.tcp_create_segment$isra$2
                0x40208bcc      0x100 ./build/lwip.a(tcp_out.o)
                                0x138 (size before relaxing)
 .text.tcp_route$isra$4
                0x40208ccc       0x23 ./build/lwip.a(tcp_out.o)
                                 0x2f (size before relaxing)
 *fill*         0x40208cef        0x1 
 .text.tcp_write
                0x40208cf0      0x2ea ./build/lwip.a(tcp_out.o)
                                0x316 (size before relaxing)
                0x40208cf0                tcp_write
 *fill*         0x40208fda        0x2 
 .text.tcp_enqueue_flags
                0x40208fdc      0x11c ./build/lwip.a(tcp_out.o)
                                0x130 (size before relaxing)
                0x40208fdc                tcp_enqueue_flags
 .text.tcp_send_fin
                0x402090f8       0x82 ./build/lwip.a(tcp_out.o)
                                 0x96 (size before relaxing)
                0x402090f8                tcp_send_fin
 *fill*         0x4020917a        0x2 
 .text.tcp_send_empty_ack
                0x4020917c      0x1a1 ./build/lwip.a(tcp_out.o)
                                0x1ed (size before relaxing)
                0x40209184                tcp_send_empty_ack
 *fill*         0x4020931d        0x3 
 .text.tcp_output
                0x40209320      0x4c4 ./build/lwip.a(tcp_out.o)
                                0x560 (size before relaxing)
                0x40209328                tcp_output
 .text.tcp_rst  0x402097e4      0x104 ./build/lwip.a(tcp_out.o)
                                0x14b (size before relaxing)
                0x402097e8                tcp_rst
 *fill*         0x402098e8        0x0 
 .text.tcp_rexmit_rto_prepare
                0x402098e8       0xab ./build/lwip.a(tcp_out.o)
                                 0xbf (size before relaxing)
                0x402098e8                tcp_rexmit_rto_prepare
 *fill*         0x40209993        0x1 
 .text.tcp_rexmit_rto_commit
                0x40209994       0x1e ./build/lwip.a(tcp_out.o)
                                 0x25 (size before relaxing)
                0x40209994                tcp_rexmit_rto_commit
 *fill*         0x402099b2        0x2 
 .text.tcp_rexmit_rto
                0x402099b4       0x31 ./build/lwip.a(tcp_out.o)
                                 0x3d (size before relaxing)
                0x402099b4                tcp_rexmit_rto
 *fill*         0x402099e5        0x3 
 .text.tcp_rexmit
                0x402099e8       0xcc ./build/lwip.a(tcp_out.o)
                                 0xd8 (size before relaxing)
                0x402099e8                tcp_rexmit
 .text.tcp_rexmit_fast
                0x40209ab4       0x65 ./build/lwip.a(tcp_out.o)
                                 0x69 (size before relaxing)
                0x40209ab4                tcp_rexmit_fast
 *fill*         0x40209b19        0x3 
 .text.tcp_keepalive
                0x40209b1c       0x8f ./build/lwip.a(tcp_out.o)
                                 0xb3 (size before relaxing)
                0x40209b1c                tcp_keepalive
 *fill*         0x40209bab        0x1 
 .text.tcp_split_unsent_seg